Component: Arm Compiler for Embedded 6.24 Tool: armlink [5f371500]

==============================================================================

Section Cross References

    startup_stm32f10x_md.o(STACK) refers (Special) to heapauxi.o(.text) for __use_two_region_memory
    startup_stm32f10x_md.o(HEAP) refers (Special) to heapauxi.o(.text) for __use_two_region_memory
    startup_stm32f10x_md.o(RESET) refers (Special) to heapauxi.o(.text) for __use_two_region_memory
    startup_stm32f10x_md.o(RESET) refers to startup_stm32f10x_md.o(STACK) for __initial_sp
    startup_stm32f10x_md.o(RESET) refers to startup_stm32f10x_md.o(.text) for Reset_Handler
    startup_stm32f10x_md.o(RESET) refers to stm32f10x_it.o(.text.NMI_Handler) for NMI_Handler
    startup_stm32f10x_md.o(RESET) refers to stm32f10x_it.o(.text.HardFault_Handler) for HardFault_Handler
    startup_stm32f10x_md.o(RESET) refers to stm32f10x_it.o(.text.MemManage_Handler) for MemManage_Handler
    startup_stm32f10x_md.o(RESET) refers to stm32f10x_it.o(.text.BusFault_Handler) for BusFault_Handler
    startup_stm32f10x_md.o(RESET) refers to stm32f10x_it.o(.text.UsageFault_Handler) for UsageFault_Handler
    startup_stm32f10x_md.o(RESET) refers to stm32f10x_it.o(.text.SVC_Handler) for SVC_Handler
    startup_stm32f10x_md.o(RESET) refers to stm32f10x_it.o(.text.DebugMon_Handler) for DebugMon_Handler
    startup_stm32f10x_md.o(RESET) refers to stm32f10x_it.o(.text.PendSV_Handler) for PendSV_Handler
    startup_stm32f10x_md.o(RESET) refers to stm32f10x_it.o(.text.SysTick_Handler) for SysTick_Handler
    startup_stm32f10x_md.o(RESET) refers to serial.o(.text.DMA1_Channel6_IRQHandler) for DMA1_Channel6_IRQHandler
    startup_stm32f10x_md.o(RESET) refers to serial.o(.text.DMA1_Channel7_IRQHandler) for DMA1_Channel7_IRQHandler
    startup_stm32f10x_md.o(RESET) refers to serial.o(.text.USART2_IRQHandler) for USART2_IRQHandler
    startup_stm32f10x_md.o(.text) refers (Special) to heapauxi.o(.text) for __use_two_region_memory
    startup_stm32f10x_md.o(.text) refers to system_stm32f10x.o(.text.SystemInit) for SystemInit
    startup_stm32f10x_md.o(.text) refers to __main.o(!!!main) for __main
    startup_stm32f10x_md.o(.text) refers to startup_stm32f10x_md.o(HEAP) for Heap_Mem
    startup_stm32f10x_md.o(.text) refers to startup_stm32f10x_md.o(STACK) for Stack_Mem
    system_stm32f10x.o(.ARM.exidx.text.SystemInit) refers to system_stm32f10x.o(.text.SystemInit) for [Anonymous Symbol]
    system_stm32f10x.o(.text.SystemCoreClockUpdate) refers to system_stm32f10x.o(.data.SystemCoreClock) for SystemCoreClock
    system_stm32f10x.o(.text.SystemCoreClockUpdate) refers to system_stm32f10x.o(.rodata.AHBPrescTable) for AHBPrescTable
    system_stm32f10x.o(.ARM.exidx.text.SystemCoreClockUpdate) refers to system_stm32f10x.o(.text.SystemCoreClockUpdate) for [Anonymous Symbol]
    misc.o(.ARM.exidx.text.NVIC_PriorityGroupConfig) refers to misc.o(.text.NVIC_PriorityGroupConfig) for [Anonymous Symbol]
    misc.o(.ARM.exidx.text.NVIC_Init) refers to misc.o(.text.NVIC_Init) for [Anonymous Symbol]
    misc.o(.ARM.exidx.text.NVIC_SetVectorTable) refers to misc.o(.text.NVIC_SetVectorTable) for [Anonymous Symbol]
    misc.o(.ARM.exidx.text.NVIC_SystemLPConfig) refers to misc.o(.text.NVIC_SystemLPConfig) for [Anonymous Symbol]
    misc.o(.ARM.exidx.text.SysTick_CLKSourceConfig) refers to misc.o(.text.SysTick_CLKSourceConfig) for [Anonymous Symbol]
    stm32f10x_adc.o(.text.ADC_DeInit) refers to stm32f10x_rcc.o(.text.RCC_APB2PeriphResetCmd) for RCC_APB2PeriphResetCmd
    stm32f10x_adc.o(.ARM.exidx.text.ADC_DeInit) refers to stm32f10x_adc.o(.text.ADC_DeInit) for [Anonymous Symbol]
    stm32f10x_adc.o(.ARM.exidx.text.ADC_Init) refers to stm32f10x_adc.o(.text.ADC_Init) for [Anonymous Symbol]
    stm32f10x_adc.o(.ARM.exidx.text.ADC_StructInit) refers to stm32f10x_adc.o(.text.ADC_StructInit) for [Anonymous Symbol]
    stm32f10x_adc.o(.ARM.exidx.text.ADC_Cmd) refers to stm32f10x_adc.o(.text.ADC_Cmd) for [Anonymous Symbol]
    stm32f10x_adc.o(.ARM.exidx.text.ADC_DMACmd) refers to stm32f10x_adc.o(.text.ADC_DMACmd) for [Anonymous Symbol]
    stm32f10x_adc.o(.ARM.exidx.text.ADC_ITConfig) refers to stm32f10x_adc.o(.text.ADC_ITConfig) for [Anonymous Symbol]
    stm32f10x_adc.o(.ARM.exidx.text.ADC_ResetCalibration) refers to stm32f10x_adc.o(.text.ADC_ResetCalibration) for [Anonymous Symbol]
    stm32f10x_adc.o(.ARM.exidx.text.ADC_GetResetCalibrationStatus) refers to stm32f10x_adc.o(.text.ADC_GetResetCalibrationStatus) for [Anonymous Symbol]
    stm32f10x_adc.o(.ARM.exidx.text.ADC_StartCalibration) refers to stm32f10x_adc.o(.text.ADC_StartCalibration) for [Anonymous Symbol]
    stm32f10x_adc.o(.ARM.exidx.text.ADC_GetCalibrationStatus) refers to stm32f10x_adc.o(.text.ADC_GetCalibrationStatus) for [Anonymous Symbol]
    stm32f10x_adc.o(.ARM.exidx.text.ADC_SoftwareStartConvCmd) refers to stm32f10x_adc.o(.text.ADC_SoftwareStartConvCmd) for [Anonymous Symbol]
[...]
    Removing stm32f10x_wwdg.o(.ARM.exidx.text.WWDG_DeInit), (8 bytes).
    Removing stm32f10x_wwdg.o(.text.WWDG_SetPrescaler), (20 bytes).
    Removing stm32f10x_wwdg.o(.ARM.exidx.text.WWDG_SetPrescaler), (8 bytes).
    Removing stm32f10x_wwdg.o(.text.WWDG_SetWindowValue), (40 bytes).
    Removing stm32f10x_wwdg.o(.ARM.exidx.text.WWDG_SetWindowValue), (8 bytes).
    Removing stm32f10x_wwdg.o(.text.WWDG_EnableIT), (14 bytes).
    Removing stm32f10x_wwdg.o(.ARM.exidx.text.WWDG_EnableIT), (8 bytes).
    Removing stm32f10x_wwdg.o(.text.WWDG_SetCounter), (16 bytes).
    Removing stm32f10x_wwdg.o(.ARM.exidx.text.WWDG_SetCounter), (8 bytes).
    Removing stm32f10x_wwdg.o(.text.WWDG_Enable), (16 bytes).
    Removing stm32f10x_wwdg.o(.ARM.exidx.text.WWDG_Enable), (8 bytes).
    Removing stm32f10x_wwdg.o(.text.WWDG_GetFlagStatus), (14 bytes).
    Removing stm32f10x_wwdg.o(.ARM.exidx.text.WWDG_GetFlagStatus), (8 bytes).
    Removing stm32f10x_wwdg.o(.text.WWDG_ClearFlag), (14 bytes).
    Removing stm32f10x_wwdg.o(.ARM.exidx.text.WWDG_ClearFlag), (8 bytes).
    Removing delay.o(.text), (0 bytes).
    Removing delay.o(.text.Delay_us), (36 bytes).
    Removing delay.o(.ARM.exidx.text.Delay_us), (8 bytes).
    Removing delay.o(.ARM.exidx.text.Delay_ms), (8 bytes).
    Removing delay.o(.text.Delay_s), (70 bytes).
    Removing delay.o(.ARM.exidx.text.Delay_s), (8 bytes).
    Removing oled.o(.text), (0 bytes).
    Removing oled.o(.text.OLED_W_SCL), (18 bytes).
    Removing oled.o(.ARM.exidx.text.OLED_W_SCL), (8 bytes).
    Removing oled.o(.text.OLED_W_SDA), (18 bytes).
    Removing oled.o(.ARM.exidx.text.OLED_W_SDA), (8 bytes).
    Removing oled.o(.text.OLED_GPIO_Init), (84 bytes).
    Removing oled.o(.ARM.exidx.text.OLED_GPIO_Init), (8 bytes).
    Removing oled.o(.text.OLED_I2C_Start), (62 bytes).
    Removing oled.o(.ARM.exidx.text.OLED_I2C_Start), (8 bytes).
    Removing oled.o(.text.OLED_I2C_Stop), (50 bytes).
    Removing oled.o(.ARM.exidx.text.OLED_I2C_Stop), (8 bytes).
    Removing oled.o(.ARM.exidx.text.OLED_I2C_SendByte), (8 bytes).
    Removing oled.o(.ARM.exidx.text.OLED_WriteCommand), (8 bytes).
    Removing oled.o(.ARM.exidx.text.OLED_WriteData), (8 bytes).
    Removing oled.o(.ARM.exidx.text.OLED_Init), (8 bytes).
    Removing oled.o(.text.OLED_Clear), (20 bytes).
    Removing oled.o(.ARM.exidx.text.OLED_Clear), (8 bytes).
    Removing oled.o(.ARM.exidx.text.OLED_Update), (8 bytes).
    Removing oled.o(.text.OLED_SetCursor), (34 bytes).
    Removing oled.o(.ARM.exidx.text.OLED_SetCursor), (8 bytes).
    Removing oled.o(.text.OLED_Pow), (22 bytes).
    Removing oled.o(.ARM.exidx.text.OLED_Pow), (8 bytes).
    Removing oled.o(.text.OLED_pnpoly), (128 bytes).
    Removing oled.o(.ARM.exidx.text.OLED_pnpoly), (8 bytes).
    Removing oled.o(.text.OLED_IsInAngle), (124 bytes).
    Removing oled.o(.ARM.exidx.text.OLED_IsInAngle), (8 bytes).
    Removing oled.o(.text.OLED_UpdateArea), (136 bytes).
    Removing oled.o(.ARM.exidx.text.OLED_UpdateArea), (8 bytes).
    Removing oled.o(.text.OLED_ClearArea), (110 bytes).
    Removing oled.o(.ARM.exidx.text.OLED_ClearArea), (8 bytes).
    Removing oled.o(.text.OLED_Reverse), (48 bytes).
    Removing oled.o(.ARM.exidx.text.OLED_Reverse), (8 bytes).
    Removing oled.o(.text.OLED_ReverseArea), (106 bytes).
    Removing oled.o(.ARM.exidx.text.OLED_ReverseArea), (8 bytes).
    Removing oled.o(.text.OLED_ShowChar), (70 bytes).
    Removing oled.o(.ARM.exidx.text.OLED_ShowChar), (8 bytes).
    Removing oled.o(.text.OLED_ShowImage), (298 bytes).
    Removing oled.o(.ARM.exidx.text.OLED_ShowImage), (8 bytes).
    Removing oled.o(.text.OLED_ShowString), (478 bytes).
    Removing oled.o(.ARM.exidx.text.OLED_ShowString), (8 bytes).
    Removing oled.o(.text.OLED_ShowNum), (178 bytes).
    Removing oled.o(.ARM.exidx.text.OLED_ShowNum), (8 bytes).
    Removing oled.o(.text.OLED_ShowSignedNum), (306 bytes).
    Removing oled.o(.ARM.exidx.text.OLED_ShowSignedNum), (8 bytes).
    Removing oled.o(.text.OLED_ShowHexNum), (216 bytes).
    Removing oled.o(.ARM.exidx.text.OLED_ShowHexNum), (8 bytes).
    Removing oled.o(.text.OLED_ShowBinNum), (150 bytes).
    Removing oled.o(.ARM.exidx.text.OLED_ShowBinNum), (8 bytes).
    Removing oled.o(.text.OLED_ShowFloatNum), (666 bytes).
    Removing oled.o(.ARM.exidx.text.OLED_ShowFloatNum), (8 bytes).
    Removing oled.o(.text.OLED_Printf), (40 bytes).
    Removing oled.o(.ARM.exidx.text.OLED_Printf), (8 bytes).
    Removing oled.o(.text.OLED_DrawPoint), (48 bytes).
    Removing oled.o(.ARM.exidx.text.OLED_DrawPoint), (8 bytes).
    Removing oled.o(.text.OLED_GetPoint), (50 bytes).
    Removing oled.o(.ARM.exidx.text.OLED_GetPoint), (8 bytes).
    Removing oled.o(.text.OLED_DrawLine), (642 bytes).
    Removing oled.o(.ARM.exidx.text.OLED_DrawLine), (8 bytes).
    Removing oled.o(.text.OLED_DrawRectangle), (316 bytes).
    Removing oled.o(.ARM.exidx.text.OLED_DrawRectangle), (8 bytes).
    Removing oled.o(.text.OLED_DrawTriangle), (376 bytes).
    Removing oled.o(.ARM.exidx.text.OLED_DrawTriangle), (8 bytes).
    Removing oled.o(.text.OLED_DrawCircle), (1032 bytes).
    Removing oled.o(.ARM.exidx.text.OLED_DrawCircle), (8 bytes).
    Removing oled.o(.text.OLED_DrawEllipse), (1410 bytes).
    Removing oled.o(.ARM.exidx.text.OLED_DrawEllipse), (8 bytes).
    Removing oled.o(.text.OLED_DrawArc), (2430 bytes).
    Removing oled.o(.ARM.exidx.text.OLED_DrawArc), (8 bytes).
    Removing oled_data.o(.text), (0 bytes).
    Removing oled_data.o(.rodata.OLED_F8x16), (1520 bytes).
    Removing oled_data.o(.rodata.OLED_F6x8), (570 bytes).
    Removing oled_data.o(.rodata.OLED_CF16x16), (259 bytes).
    Removing oled_data.o(.rodata.Diode), (32 bytes).
    Removing oled_data.o(.rodata.erweima), (1024 bytes).
    Removing myspi.o(.text), (0 bytes).
    Removing myspi.o(.ARM.exidx.text.MySPI_Init), (8 bytes).
    Removing myspi.o(.ARM.exidx.text.MySPI_DMA_Init), (8 bytes).
    Removing myspi.o(.ARM.exidx.text.MySPI_Start), (8 bytes).
    Removing myspi.o(.ARM.exidx.text.MySPI_Stop), (8 bytes).
    Removing myspi.o(.ARM.exidx.text.MySPI_SwapByte), (8 bytes).
    Removing myspi.o(.ARM.exidx.text.MySPI_SwapArray), (8 bytes).
    Removing myspi.o(.ARM.exidx.text.MySPI_SwapArray_DMA), (8 bytes).
    Removing w25q64.o(.text), (0 bytes).
    Removing w25q64.o(.ARM.exidx.text.W25Q64_Init), (8 bytes).
    Removing w25q64.o(.text.W25Q64_WriteEnable), (20 bytes).
    Removing w25q64.o(.ARM.exidx.text.W25Q64_WriteEnable), (8 bytes).
    Removing w25q64.o(.ARM.exidx.text.W25Q64_ReadData), (8 bytes).
    Removing w25q64.o(.ARM.exidx.text.W25Q64_SetErase), (8 bytes).
    Removing w25q64.o(.ARM.exidx.text.W25Q64_PageProgram), (8 bytes).
    Removing image.o(.text), (0 bytes).
    Removing image.o(.ARM.exidx.text.Show_Image), (8 bytes).
    Removing image.o(.text.Image_Save), (72 bytes).
    Removing image.o(.ARM.exidx.text.Image_Save), (8 bytes).
    Removing image.o(.ARM.exidx.text.Image_Load), (8 bytes).
    Removing serial.o(.text), (0 bytes).
    Removing serial.o(.ARM.exidx.text.Serial_Init), (8 bytes).
    Removing serial.o(.ARM.exidx.text.Serial_DMA_Init), (8 bytes).
    Removing serial.o(.ARM.exidx.text.Serial_EnableDMA_RX), (8 bytes).
    Removing serial.o(.ARM.exidx.text.Serial_DisableDMA_RX), (8 bytes).
    Removing serial.o(.ARM.exidx.text.Serial_SendByte), (8 bytes).
    Removing serial.o(.ARM.exidx.text.Serial_SendString), (8 bytes).
    Removing serial.o(.text.Serial_SendArray_DMA), (62 bytes).
    Removing serial.o(.ARM.exidx.text.Serial_SendArray_DMA), (8 bytes).
    Removing serial.o(.ARM.exidx.text.USART2_IRQHandler), (8 bytes).
    Removing serial.o(.ARM.exidx.text.DMA1_Channel7_IRQHandler), (8 bytes).
    Removing serial.o(.ARM.exidx.text.DMA1_Channel6_IRQHandler), (8 bytes).
    Removing main.o(.text), (0 bytes).
    Removing main.o(.text.Init), (22 bytes).
    Removing main.o(.ARM.exidx.text.Init), (8 bytes).
    Removing main.o(.ARM.exidx.text.main), (8 bytes).
    Removing main.o(.ARM.use_no_argv), (4 bytes).
    Removing stm32f10x_it.o(.text), (0 bytes).
    Removing stm32f10x_it.o(.ARM.exidx.text.NMI_Handler), (8 bytes).
    Removing stm32f10x_it.o(.ARM.exidx.text.HardFault_Handler), (8 bytes).
    Removing stm32f10x_it.o(.ARM.exidx.text.MemManage_Handler), (8 bytes).
    Removing stm32f10x_it.o(.ARM.exidx.text.BusFault_Handler), (8 bytes).
    Removing stm32f10x_it.o(.ARM.exidx.text.UsageFault_Handler), (8 bytes).
    Removing stm32f10x_it.o(.ARM.exidx.text.SVC_Handler), (8 bytes).
    Removing stm32f10x_it.o(.ARM.exidx.text.DebugMon_Handler), (8 bytes).
    Removing stm32f10x_it.o(.ARM.exidx.text.PendSV_Handler), (8 bytes).
    Removing stm32f10x_it.o(.ARM.exidx.text.SysTick_Handler), (8 bytes).

1061 unused section(s) (total 35525 bytes) removed from the image.

==============================================================================

Image Symbol Table

    Local Symbols

    Symbol Name                              Value     Ov Type        Size  Object(Section)

    ../clib/angel/boardlib.s                 0x00000000   Number         0  boardinit1.o ABSOLUTE
    ../clib/angel/boardlib.s                 0x00000000   Number         0  boardinit2.o ABSOLUTE
    ../clib/angel/boardlib.s                 0x00000000   Number         0  boardinit3.o ABSOLUTE
    ../clib/angel/boardlib.s                 0x00000000   Number         0  boardshut.o ABSOLUTE
    ../clib/angel/dclz77c.s                  0x00000000   Number         0  __dclz77c.o ABSOLUTE
    ../clib/angel/handlers.s                 0x00000000   Number         0  __scatter_zi.o ABSOLUTE
    ../clib/angel/kernel.s                   0x00000000   Number         0  __rtentry.o ABSOLUTE
    ../clib/angel/kernel.s                   0x00000000   Number         0  __rtentry2.o ABSOLUTE
    ../clib/angel/kernel.s                   0x00000000   Number         0  __rtentry4.o ABSOLUTE
    ../clib/angel/kernel.s                   0x00000000   Number         0  rtexit.o ABSOLUTE
    ../clib/angel/kernel.s                   0x00000000   Number         0  rtexit2.o ABSOLUTE
    ../clib/angel/rt.s                       0x00000000   Number         0  rt_errno_addr.o ABSOLUTE
    ../clib/angel/rt.s                       0x00000000   Number         0  rt_errno_addr_intlibspace.o ABSOLUTE
    ../clib/angel/rt.s                       0x00000000   Number         0  rt_ctype_table.o ABSOLUTE
    ../clib/angel/rt.s                       0x00000000   Number         0  rt_locale.o ABSOLUTE
    ../clib/angel/rt.s                       0x00000000   Number         0  rt_locale_intlibspace.o ABSOLUTE
    ../clib/angel/rt.s                       0x00000000   Number         0  rt_raise.o ABSOLUTE
    ../clib/angel/scatter.s                  0x00000000   Number         0  __scatter.o ABSOLUTE
    ../clib/angel/startup.s                  0x00000000   Number         0  __main.o ABSOLUTE
    ../clib/angel/sys.s                      0x00000000   Number         0  libspace.o ABSOLUTE
    ../clib/angel/sys.s                      0x00000000   Number         0  sys_stackheap_outer.o ABSOLUTE
    ../clib/angel/sys.s                      0x00000000   Number         0  use_no_semi.o ABSOLUTE
    ../clib/angel/sys.s                      0x00000000   Number         0  indicate_semi.o ABSOLUTE
    ../clib/angel/sysapp.c                   0x00000000   Number         0  sys_exit.o ABSOLUTE
    ../clib/angel/sysapp.c                   0x00000000   Number         0  sys_exit_hlt.o ABSOLUTE
    ../clib/angel/sysapp.c                   0x00000000   Number         0  sys_command.o ABSOLUTE
    ../clib/angel/sysapp.c                   0x00000000   Number         0  sys_command_hlt.o ABSOLUTE
    ../clib/angel/sysapp.c                   0x00000000   Number         0  sys_wrch.o ABSOLUTE
    ../clib/angel/sysapp.c                   0x00000000   Number         0  sys_wrch_hlt.o ABSOLUTE
    ../clib/armsys.c                         0x00000000   Number         0  argv_veneer.o ABSOLUTE
    ../clib/armsys.c                         0x00000000   Number         0  argv_veneer.o ABSOLUTE
    ../clib/armsys.c                         0x00000000   Number         0  _get_argv_nomalloc.o ABSOLUTE
    ../clib/armsys.c                         0x00000000   Number         0  no_argv.o ABSOLUTE
    ../clib/bigflt.c                         0x00000000   Number         0  bigflt0.o ABSOLUTE
    ../clib/btod.s                           0x00000000   Number         0  btod.o ABSOLUTE
    ../clib/btod_accurate.c                  0x00000000   Number         0  btod_accurate.o ABSOLUTE
    ../clib/btod_accurate.c                  0x00000000   Number         0  btod_accurate_common.o ABSOLUTE
    ../clib/fenv.c                           0x00000000   Number         0  _rserrno.o ABSOLUTE
    ../clib/heapalloc.c                      0x00000000   Number         0  hrguard.o ABSOLUTE
    ../clib/heapaux.c                        0x00000000   Number         0  heapauxi.o ABSOLUTE
    ../clib/libinit.s                        0x00000000   Number         0  libinit.o ABSOLUTE
    ../clib/libinit.s                        0x00000000   Number         0  libinit2.o ABSOLUTE
    ../clib/libinit.s                        0x00000000   Number         0  libshutdown.o ABSOLUTE
    ../clib/libinit.s                        0x00000000   Number         0  libshutdown2.o ABSOLUTE
    ../clib/locale.c                         0x00000000   Number         0  _c16rtomb.o ABSOLUTE
    ../clib/locale.s                         0x00000000   Number         0  lc_numeric_c.o ABSOLUTE
    ../clib/locale.s                         0x00000000   Number         0  lc_ctype_c.o ABSOLUTE
    ../clib/longlong.s                       0x00000000   Number         0  lludiv10.o ABSOLUTE
    ../clib/longlong.s                       0x00000000   Number         0  llushr.o ABSOLUTE
    ../clib/memcpset.s                       0x00000000   Number         0  rt_memcpy_v6.o ABSOLUTE
    ../clib/memcpset.s                       0x00000000   Number         0  rt_memclr_w.o ABSOLUTE
    ../clib/memcpset.s                       0x00000000   Number         0  strcmpv7m.o ABSOLUTE
    ../clib/memcpset.s                       0x00000000   Number         0  rt_memcpy_w.o ABSOLUTE
    ../clib/misc.s                           0x00000000   Number         0  printf_stubs.o ABSOLUTE
    ../clib/printf.c                         0x00000000   Number         0  vsprintf.o ABSOLUTE
    ../clib/printf.c                         0x00000000   Number         0  __printf.o ABSOLUTE
    ../clib/printf.c                         0x00000000   Number         0  _printf_pad.o ABSOLUTE
    ../clib/printf.c                         0x00000000   Number         0  _printf_truncate.o ABSOLUTE
    ../clib/printf.c                         0x00000000   Number         0  _printf_str.o ABSOLUTE
    ../clib/printf.c                         0x00000000   Number         0  _printf_dec.o ABSOLUTE
    ../clib/printf.c                         0x00000000   Number         0  _printf_charcount.o ABSOLUTE
    ../clib/printf.c                         0x00000000   Number         0  _printf_char_common.o ABSOLUTE
    ../clib/printf.c                         0x00000000   Number         0  _sputc.o ABSOLUTE
    ../clib/printf.c                         0x00000000   Number         0  _printf_wctomb.o ABSOLUTE
    ../clib/printf.c                         0x00000000   Number         0  _printf_longlong_dec.o ABSOLUTE
    ../clib/printf.c                         0x00000000   Number         0  _printf_oct_ll.o ABSOLUTE
    ../clib/printf.c                         0x00000000   Number         0  _printf_oct_int.o ABSOLUTE
    ../clib/printf.c                         0x00000000   Number         0  _printf_oct_int_ll.o ABSOLUTE
    ../clib/printf.c                         0x00000000   Number         0  _printf_hex_ll.o ABSOLUTE
    ../clib/printf.c                         0x00000000   Number         0  _printf_hex_int.o ABSOLUTE
    ../clib/printf.c                         0x00000000   Number         0  _printf_hex_int_ll.o ABSOLUTE
    ../clib/printf.c                         0x00000000   Number         0  _printf_hex_ptr.o ABSOLUTE
    ../clib/printf.c                         0x00000000   Number         0  _printf_hex_int_ptr.o ABSOLUTE
    ../clib/printf.c                         0x00000000   Number         0  _printf_hex_ll_ptr.o ABSOLUTE
    ../clib/printf.c                         0x00000000   Number         0  _printf_hex_int_ll_ptr.o ABSOLUTE
    ../clib/printf.c                         0x00000000   Number         0  __printf_flags.o ABSOLUTE
    ../clib/printf.c                         0x00000000   Number         0  __printf_ss.o ABSOLUTE
    ../clib/printf.c                         0x00000000   Number         0  __printf_flags_ss.o ABSOLUTE
    ../clib/printf.c                         0x00000000   Number         0  __printf_wp.o ABSOLUTE
    ../clib/printf.c                         0x00000000   Number         0  __printf_flags_wp.o ABSOLUTE
    ../clib/printf.c                         0x00000000   Number         0  __printf_ss_wp.o ABSOLUTE
    ../clib/printf.c                         0x00000000   Number         0  __printf_flags_ss_wp.o ABSOLUTE
    ../clib/printf.c                         0x00000000   Number         0  _printf_intcommon.o ABSOLUTE
    ../clib/printf.c                         0x00000000   Number         0  _printf_fp_dec.o ABSOLUTE
    ../clib/printf.c                         0x00000000   Number         0  _printf_fp_dec_accurate.o ABSOLUTE
    ../clib/printf.c                         0x00000000   Number         0  _printf_fp_hex.o ABSOLUTE
    ../clib/printf.c                         0x00000000   Number         0  __printf_nopercent.o ABSOLUTE
    ../clib/printf.c                         0x00000000   Number         0  _printf_char.o ABSOLUTE
    ../clib/printf.c                         0x00000000   Number         0  _printf_wchar.o ABSOLUTE
    ../clib/printf.c                         0x00000000   Number         0  _printf_fp_infnan.o ABSOLUTE
    ../clib/printf_percent.s                 0x00000000   Number         0  _printf_c.o ABSOLUTE
    ../clib/printf_percent.s                 0x00000000   Number         0  _printf_s.o ABSOLUTE
    ../clib/printf_percent.s                 0x00000000   Number         0  _printf_n.o ABSOLUTE
    ../clib/printf_percent.s                 0x00000000   Number         0  _printf_x.o ABSOLUTE
    ../clib/printf_percent.s                 0x00000000   Number         0  _printf_p.o ABSOLUTE
    ../clib/printf_percent.s                 0x00000000   Number         0  _printf_o.o ABSOLUTE
    ../clib/printf_percent.s                 0x00000000   Number         0  _printf_i.o ABSOLUTE
    ../clib/printf_percent.s                 0x00000000   Number         0  _printf_d.o ABSOLUTE
    ../clib/printf_percent.s                 0x00000000   Number         0  _printf_u.o ABSOLUTE
    ../clib/printf_percent.s                 0x00000000   Number         0  _printf_f.o ABSOLUTE
    ../clib/printf_percent.s                 0x00000000   Number         0  _printf_e.o ABSOLUTE
    ../clib/printf_percent.s                 0x00000000   Number         0  _printf_g.o ABSOLUTE
    ../clib/printf_percent.s                 0x00000000   Number         0  _printf_a.o ABSOLUTE
    ../clib/printf_percent.s                 0x00000000   Number         0  _printf_percent.o ABSOLUTE
    ../clib/printf_percent.s                 0x00000000   Number         0  _printf_lli.o ABSOLUTE
    ../clib/printf_percent.s                 0x00000000   Number         0  _printf_lld.o ABSOLUTE
    ../clib/printf_percent.s                 0x00000000   Number         0  _printf_llu.o ABSOLUTE
    ../clib/printf_percent.s                 0x00000000   Number         0  _printf_ll.o ABSOLUTE
    ../clib/printf_percent.s                 0x00000000   Number         0  _printf_l.o ABSOLUTE
    ../clib/printf_percent.s                 0x00000000   Number         0  _printf_lc.o ABSOLUTE
    ../clib/printf_percent.s                 0x00000000   Number         0  _printf_ls.o ABSOLUTE
    ../clib/printf_percent.s                 0x00000000   Number         0  _printf_llo.o ABSOLUTE
    ../clib/printf_percent.s                 0x00000000   Number         0  _printf_llx.o ABSOLUTE
    ../clib/printf_percent.s                 0x00000000   Number         0  _printf_percent_end.o ABSOLUTE
    ../clib/signal.c                         0x00000000   Number         0  defsig_rtmem_outer.o ABSOLUTE
    ../clib/signal.c                         0x00000000   Number         0  defsig_rtmem_formal.o ABSOLUTE
    ../clib/signal.c                         0x00000000   Number         0  defsig_exit.o ABSOLUTE
    ../clib/signal.c                         0x00000000   Number         0  defsig_rtmem_inner.o ABSOLUTE
    ../clib/signal.c                         0x00000000   Number         0  __raise.o ABSOLUTE
    ../clib/signal.c                         0x00000000   Number         0  defsig_general.o ABSOLUTE
    ../clib/signal.c                         0x00000000   Number         0  defsig_abrt_inner.o ABSOLUTE
    ../clib/signal.c                         0x00000000   Number         0  defsig_fpe_inner.o ABSOLUTE
    ../clib/signal.c                         0x00000000   Number         0  defsig_rtred_inner.o ABSOLUTE
    ../clib/signal.c                         0x00000000   Number         0  defsig_stak_inner.o ABSOLUTE
    ../clib/signal.c                         0x00000000   Number         0  defsig_pvfn_inner.o ABSOLUTE
    ../clib/signal.c                         0x00000000   Number         0  defsig_cppl_inner.o ABSOLUTE
    ../clib/signal.c                         0x00000000   Number         0  defsig_segv_inner.o ABSOLUTE
    ../clib/signal.c                         0x00000000   Number         0  defsig_other.o ABSOLUTE
    ../clib/signal.s                         0x00000000   Number         0  defsig.o ABSOLUTE
    ../clib/stdlib.c                         0x00000000   Number         0  exit.o ABSOLUTE
    ../fplib/d2f.s                           0x00000000   Number         0  d2f.o ABSOLUTE
    ../fplib/daddsub.s                       0x00000000   Number         0  daddsub_clz.o ABSOLUTE
    ../fplib/dcheck1.s                       0x00000000   Number         0  dcheck1.o ABSOLUTE
    ../fplib/dcmp.s                          0x00000000   Number         0  dcmp.o ABSOLUTE
    ../fplib/dcmpi.s                         0x00000000   Number         0  dcmpi.o ABSOLUTE
    ../fplib/ddiv.s                          0x00000000   Number         0  ddiv.o ABSOLUTE
    ../fplib/deqf.s                          0x00000000   Number         0  deqf.o ABSOLUTE
    ../fplib/dfix.s                          0x00000000   Number         0  dfix.o ABSOLUTE
    ../fplib/dfixu.s                         0x00000000   Number         0  dfixu.o ABSOLUTE
    ../fplib/dflt.s                          0x00000000   Number         0  dflt_clz.o ABSOLUTE
    ../fplib/dgeqf.s                         0x00000000   Number         0  dgeqf.o ABSOLUTE
    ../fplib/dleqf.s                         0x00000000   Number         0  dleqf.o ABSOLUTE
    ../fplib/dmul.s                          0x00000000   Number         0  dmul.o ABSOLUTE
    ../fplib/dnaninf.s                       0x00000000   Number         0  dnaninf.o ABSOLUTE
    ../fplib/dretinf.s                       0x00000000   Number         0  dretinf.o ABSOLUTE
    ../fplib/drleqf.s                        0x00000000   Number         0  drleqf.o ABSOLUTE
    ../fplib/drnd.s                          0x00000000   Number         0  drnd.o ABSOLUTE
    ../fplib/faddsub.s                       0x00000000   Number         0  faddsub_clz.o ABSOLUTE
    ../fplib/fcmp.s                          0x00000000   Number         0  fcmp.o ABSOLUTE
    ../fplib/fcmpi.s                         0x00000000   Number         0  fcmpi.o ABSOLUTE
    ../fplib/feqf.s                          0x00000000   Number         0  feqf.o ABSOLUTE
    ../fplib/fflt.s                          0x00000000   Number         0  fflt_clz.o ABSOLUTE
    ../fplib/fgeqf.s                         0x00000000   Number         0  fgeqf.o ABSOLUTE
    ../fplib/fleqf.s                         0x00000000   Number         0  fleqf.o ABSOLUTE
    ../fplib/fnaninf.s                       0x00000000   Number         0  fnaninf.o ABSOLUTE
    ../fplib/fpinit.s                        0x00000000   Number         0  fpinit.o ABSOLUTE
    ../fplib/fpinit_empty.s                  0x00000000   Number         0  fpinit_empty.o ABSOLUTE
    ../fplib/fretinf.s                       0x00000000   Number         0  fretinf.o ABSOLUTE
    ../fplib/istatus.s                       0x00000000   Number         0  istatus.o ABSOLUTE
    ../fplib/printf1.s                       0x00000000   Number         0  printf1.o ABSOLUTE
    ../fplib/printf2.s                       0x00000000   Number         0  printf2.o ABSOLUTE
    ../fplib/printf2a.s                      0x00000000   Number         0  printf2a.o ABSOLUTE
    ../fplib/printf2b.s                      0x00000000   Number         0  printf2b.o ABSOLUTE
    ../fplib/retnan.s                        0x00000000   Number         0  retnan.o ABSOLUTE
    ../fplib/scalbn.s                        0x00000000   Number         0  scalbn.o ABSOLUTE
    ../fplib/trapv.s                         0x00000000   Number         0  trapv.o ABSOLUTE
    ../fplib/usenofp.s                       0x00000000   Number         0  usenofp.o ABSOLUTE
    ../mathlib/atan.c                        0x00000000   Number         0  atan.o ABSOLUTE
    ../mathlib/atan2.c                       0x00000000   Number         0  atan2.o ABSOLUTE
    ../mathlib/dunder.c                      0x00000000   Number         0  dunder.o ABSOLUTE
    ../mathlib/fpclassify.c                  0x00000000   Number         0  fpclassify.o ABSOLUTE
    ../mathlib/poly.c                        0x00000000   Number         0  poly.o ABSOLUTE
    ../mathlib/qnan.c                        0x00000000   Number         0  qnan.o ABSOLUTE
    ../mathlib/round.c                       0x00000000   Number         0  round.o ABSOLUTE
    Delay.c                                  0x00000000   Number         0  delay.o ABSOLUTE
    Image.c                                  0x00000000   Number         0  image.o ABSOLUTE
    MySPI.c                                  0x00000000   Number         0  myspi.o ABSOLUTE
    OLED.c                                   0x00000000   Number         0  oled.o ABSOLUTE
    OLED_Data.c                              0x00000000   Number         0  oled_data.o ABSOLUTE
    Serial.c                                 0x00000000   Number         0  serial.o ABSOLUTE
    Start\startup_stm32f10x_md.s             0x00000000   Number         0  startup_stm32f10x_md.o ABSOLUTE
    W25Q64.c                                 0x00000000   Number         0  w25q64.o ABSOLUTE
    dc.s                                     0x00000000   Number         0  dc.o ABSOLUTE
    main.c                                   0x00000000   Number         0  main.o ABSOLUTE
    misc.c                                   0x00000000   Number         0  misc.o ABSOLUTE
    stm32f10x_adc.c                          0x00000000   Number         0  stm32f10x_adc.o ABSOLUTE
    stm32f10x_bkp.c                          0x00000000   Number         0  stm32f10x_bkp.o ABSOLUTE
    stm32f10x_can.c                          0x00000000   Number         0  stm32f10x_can.o ABSOLUTE
    stm32f10x_cec.c                          0x00000000   Number         0  stm32f10x_cec.o ABSOLUTE
    stm32f10x_crc.c                          0x00000000   Number         0  stm32f10x_crc.o ABSOLUTE
    stm32f10x_dac.c                          0x00000000   Number         0  stm32f10x_dac.o ABSOLUTE
    stm32f10x_dbgmcu.c                       0x00000000   Number         0  stm32f10x_dbgmcu.o ABSOLUTE
    stm32f10x_dma.c                          0x00000000   Number         0  stm32f10x_dma.o ABSOLUTE
    stm32f10x_exti.c                         0x00000000   Number         0  stm32f10x_exti.o ABSOLUTE
    stm32f10x_flash.c                        0x00000000   Number         0  stm32f10x_flash.o ABSOLUTE
    stm32f10x_fsmc.c                         0x00000000   Number         0  stm32f10x_fsmc.o ABSOLUTE
    stm32f10x_gpio.c                         0x00000000   Number         0  stm32f10x_gpio.o ABSOLUTE
    stm32f10x_i2c.c                          0x00000000   Number         0  stm32f10x_i2c.o ABSOLUTE
    stm32f10x_it.c                           0x00000000   Number         0  stm32f10x_it.o ABSOLUTE
    stm32f10x_iwdg.c                         0x00000000   Number         0  stm32f10x_iwdg.o ABSOLUTE
    stm32f10x_pwr.c                          0x00000000   Number         0  stm32f10x_pwr.o ABSOLUTE
    stm32f10x_rcc.c                          0x00000000   Number         0  stm32f10x_rcc.o ABSOLUTE
    stm32f10x_rtc.c                          0x00000000   Number         0  stm32f10x_rtc.o ABSOLUTE
    stm32f10x_sdio.c                         0x00000000   Number         0  stm32f10x_sdio.o ABSOLUTE
    stm32f10x_spi.c                          0x00000000   Number         0  stm32f10x_spi.o ABSOLUTE
    stm32f10x_tim.c                          0x00000000   Number         0  stm32f10x_tim.o ABSOLUTE
    stm32f10x_usart.c                        0x00000000   Number         0  stm32f10x_usart.o ABSOLUTE
    stm32f10x_wwdg.c                         0x00000000   Number         0  stm32f10x_wwdg.o ABSOLUTE
    system_stm32f10x.c                       0x00000000   Number         0  system_stm32f10x.o ABSOLUTE
    RESET                                    0x08000000   Section      236  startup_stm32f10x_md.o(RESET)
    !!!main                                  0x080000ec   Section        8  __main.o(!!!main)
    !!!scatter                               0x080000f4   Section       92  __scatter.o(!!!scatter)
    !!dclz77c                                0x08000150   Section      100  __dclz77c.o(!!dclz77c)
    !!handler_null                           0x080001b4   Section        2  __scatter.o(!!handler_null)
    !!handler_zi                             0x080001b8   Section       28  __scatter_zi.o(!!handler_zi)
    .ARM.Collect$$libinit$$00000000          0x080001d4   Section        2  libinit.o(.ARM.Collect$$libinit$$00000000)
    .ARM.Collect$$libinit$$00000002          0x080001d6   Section        0  libinit2.o(.ARM.Collect$$libinit$$00000002)
    .ARM.Collect$$libinit$$00000004          0x080001d6   Section        0  libinit2.o(.ARM.Collect$$libinit$$00000004)
    .ARM.Collect$$libinit$$00000006          0x080001d6   Section        0  libinit2.o(.ARM.Collect$$libinit$$00000006)
    .ARM.Collect$$libinit$$0000000C          0x080001d6   Section        0  libinit2.o(.ARM.Collect$$libinit$$0000000C)
    .ARM.Collect$$libinit$$0000000E          0x080001d6   Section        0  libinit2.o(.ARM.Collect$$libinit$$0000000E)
    .ARM.Collect$$libinit$$00000010          0x080001d6   Section        0  libinit2.o(.ARM.Collect$$libinit$$00000010)
    .ARM.Collect$$libinit$$00000013          0x080001d6   Section        0  libinit2.o(.ARM.Collect$$libinit$$00000013)
    .ARM.Collect$$libinit$$00000015          0x080001d6   Section        0  libinit2.o(.ARM.Collect$$libinit$$00000015)
    .ARM.Collect$$libinit$$00000017          0x080001d6   Section        0  libinit2.o(.ARM.Collect$$libinit$$00000017)
    .ARM.Collect$$libinit$$00000019          0x080001d6   Section        0  libinit2.o(.ARM.Collect$$libinit$$00000019)
    .ARM.Collect$$libinit$$0000001B          0x080001d6   Section        0  libinit2.o(.ARM.Collect$$libinit$$0000001B)
    .ARM.Collect$$libinit$$0000001D          0x080001d6   Section        0  libinit2.o(.ARM.Collect$$libinit$$0000001D)
    .ARM.Collect$$libinit$$0000001F          0x080001d6   Section        0  libinit2.o(.ARM.Collect$$libinit$$0000001F)
    .ARM.Collect$$libinit$$00000021          0x080001d6   Section        0  libinit2.o(.ARM.Collect$$libinit$$00000021)
    .ARM.Collect$$libinit$$00000023          0x080001d6   Section        0  libinit2.o(.ARM.Collect$$libinit$$00000023)
    .ARM.Collect$$libinit$$00000025          0x080001d6   Section        0  libinit2.o(.ARM.Collect$$libinit$$00000025)
    .ARM.Collect$$libinit$$00000027          0x080001d6   Section        0  libinit2.o(.ARM.Collect$$libinit$$00000027)
    .ARM.Collect$$libinit$$0000002E          0x080001d6   Section        0  libinit2.o(.ARM.Collect$$libinit$$0000002E)
    .ARM.Collect$$libinit$$00000030          0x080001d6   Section        0  libinit2.o(.ARM.Collect$$libinit$$00000030)
    .ARM.Collect$$libinit$$00000032          0x080001d6   Section        0  libinit2.o(.ARM.Collect$$libinit$$00000032)
    .ARM.Collect$$libinit$$00000034          0x080001d6   Section        0  libinit2.o(.ARM.Collect$$libinit$$00000034)
    .ARM.Collect$$libinit$$00000035          0x080001d6   Section        2  libinit2.o(.ARM.Collect$$libinit$$00000035)
    .ARM.Collect$$libshutdown$$00000000      0x080001d8   Section        2  libshutdown.o(.ARM.Collect$$libshutdown$$00000000)
    .ARM.Collect$$libshutdown$$00000002      0x080001da   Section        0  libshutdown2.o(.ARM.Collect$$libshutdown$$00000002)
    .ARM.Collect$$libshutdown$$00000004      0x080001da   Section        0  libshutdown2.o(.ARM.Collect$$libshutdown$$00000004)
    .ARM.Collect$$libshutdown$$00000007      0x080001da   Section        0  libshutdown2.o(.ARM.Collect$$libshutdown$$00000007)
    .ARM.Collect$$libshutdown$$0000000A      0x080001da   Section        0  libshutdown2.o(.ARM.Collect$$libshutdown$$0000000A)
    .ARM.Collect$$libshutdown$$0000000C      0x080001da   Section        0  libshutdown2.o(.ARM.Collect$$libshutdown$$0000000C)
    .ARM.Collect$$libshutdown$$0000000F      0x080001da   Section        0  libshutdown2.o(.ARM.Collect$$libshutdown$$0000000F)
    .ARM.Collect$$libshutdown$$00000010      0x080001da   Section        2  libshutdown2.o(.ARM.Collect$$libshutdown$$00000010)
    .ARM.Collect$$rtentry$$00000000          0x080001dc   Section        0  __rtentry.o(.ARM.Collect$$rtentry$$00000000)
    .ARM.Collect$$rtentry$$00000002          0x080001dc   Section        0  __rtentry2.o(.ARM.Collect$$rtentry$$00000002)
    .ARM.Collect$$rtentry$$00000004          0x080001dc   Section        6  __rtentry4.o(.ARM.Collect$$rtentry$$00000004)
    .ARM.Collect$$rtentry$$00000009          0x080001e2   Section        0  __rtentry2.o(.ARM.Collect$$rtentry$$00000009)
    .ARM.Collect$$rtentry$$0000000A          0x080001e2   Section        4  __rtentry2.o(.ARM.Collect$$rtentry$$0000000A)
    .ARM.Collect$$rtentry$$0000000C          0x080001e6   Section        0  __rtentry2.o(.ARM.Collect$$rtentry$$0000000C)
    .ARM.Collect$$rtentry$$0000000D          0x080001e6   Section        8  __rtentry2.o(.ARM.Collect$$rtentry$$0000000D)
    .ARM.Collect$$rtexit$$00000000           0x080001ee   Section        2  rtexit.o(.ARM.Collect$$rtexit$$00000000)
    .ARM.Collect$$rtexit$$00000002           0x080001f0   Section        0  rtexit2.o(.ARM.Collect$$rtexit$$00000002)
    .ARM.Collect$$rtexit$$00000003           0x080001f0   Section        4  rtexit2.o(.ARM.Collect$$rtexit$$00000003)
    .ARM.Collect$$rtexit$$00000004           0x080001f4   Section        6  rtexit2.o(.ARM.Collect$$rtexit$$00000004)
    .text                                    0x080001fc   Section       64  startup_stm32f10x_md.o(.text)
    .text                                    0x0800023c   Section      138  rt_memcpy_v6.o(.text)
    .text                                    0x080002c6   Section       78  rt_memclr_w.o(.text)
    .text                                    0x08000314   Section        0  heapauxi.o(.text)
    .text                                    0x0800031a   Section      100  rt_memcpy_w.o(.text)
    .text                                    0x08000380   Section        8  libspace.o(.text)
    .text                                    0x08000388   Section       74  sys_stackheap_outer.o(.text)
    .text                                    0x080003d2   Section        0  exit.o(.text)
    .text                                    0x080003e4   Section        0  sys_exit.o(.text)
    .text                                    0x080003f0   Section        2  use_no_semi.o(.text)
    .text                                    0x080003f2   Section        0  indicate_semi.o(.text)
    [Anonymous Symbol]                       0x080003f4   Section        0  stm32f10x_it.o(.text.BusFault_Handler)
    [Anonymous Symbol]                       0x080003f8   Section        0  serial.o(.text.DMA1_Channel6_IRQHandler)
    [Anonymous Symbol]                       0x0800046c   Section        0  serial.o(.text.DMA1_Channel7_IRQHandler)
    [Anonymous Symbol]                       0x08000494   Section        0  stm32f10x_dma.o(.text.DMA_ClearFlag)
    [Anonymous Symbol]                       0x080004a4   Section        0  stm32f10x_dma.o(.text.DMA_ClearITPendingBit)
    [Anonymous Symbol]                       0x080004b4   Section        0  stm32f10x_dma.o(.text.DMA_Cmd)
    [Anonymous Symbol]                       0x080004cc   Section        0  stm32f10x_dma.o(.text.DMA_DeInit)
    [Anonymous Symbol]                       0x080005d8   Section        0  stm32f10x_dma.o(.text.DMA_GetFlagStatus)
    [Anonymous Symbol]                       0x080005f0   Section        0  stm32f10x_dma.o(.text.DMA_GetITStatus)
    [Anonymous Symbol]                       0x08000608   Section        0  stm32f10x_dma.o(.text.DMA_ITConfig)
    [Anonymous Symbol]                       0x08000618   Section        0  stm32f10x_dma.o(.text.DMA_Init)
    [Anonymous Symbol]                       0x08000660   Section        0  stm32f10x_dma.o(.text.DMA_SetCurrDataCounter)
    [Anonymous Symbol]                       0x08000664   Section        0  stm32f10x_it.o(.text.DebugMon_Handler)
    [Anonymous Symbol]                       0x08000668   Section        0  delay.o(.text.Delay_ms)
    [Anonymous Symbol]                       0x080006a8   Section        0  stm32f10x_gpio.o(.text.GPIO_Init)
    [Anonymous Symbol]                       0x08000764   Section        0  stm32f10x_gpio.o(.text.GPIO_WriteBit)
    [Anonymous Symbol]                       0x08000770   Section        0  stm32f10x_it.o(.text.HardFault_Handler)
    [Anonymous Symbol]                       0x08000774   Section        0  image.o(.text.Image_Load)
    [Anonymous Symbol]                       0x08000784   Section        0  stm32f10x_it.o(.text.MemManage_Handler)
    [Anonymous Symbol]                       0x08000788   Section        0  myspi.o(.text.MySPI_DMA_Init)
    [Anonymous Symbol]                       0x080007e4   Section        0  myspi.o(.text.MySPI_Init)
    [Anonymous Symbol]                       0x08000884   Section        0  myspi.o(.text.MySPI_Start)
    [Anonymous Symbol]                       0x08000894   Section        0  myspi.o(.text.MySPI_Stop)
    [Anonymous Symbol]                       0x080008a4   Section        0  myspi.o(.text.MySPI_SwapArray)
    [Anonymous Symbol]                       0x08000920   Section        0  myspi.o(.text.MySPI_SwapArray_DMA)
    [Anonymous Symbol]                       0x0800098c   Section        0  myspi.o(.text.MySPI_SwapByte)
    [Anonymous Symbol]                       0x080009c4   Section        0  stm32f10x_it.o(.text.NMI_Handler)
    [Anonymous Symbol]                       0x080009c8   Section        0  misc.o(.text.NVIC_Init)
    [Anonymous Symbol]                       0x08000a28   Section        0  oled.o(.text.OLED_I2C_SendByte)
    [Anonymous Symbol]                       0x08000a84   Section        0  oled.o(.text.OLED_Init)
    [Anonymous Symbol]                       0x08000ba0   Section        0  oled.o(.text.OLED_Update)
    [Anonymous Symbol]                       0x08000bd8   Section        0  oled.o(.text.OLED_WriteCommand)
    [Anonymous Symbol]                       0x08000c8c   Section        0  oled.o(.text.OLED_WriteData)
    [Anonymous Symbol]                       0x08000d10   Section        0  stm32f10x_it.o(.text.PendSV_Handler)
    [Anonymous Symbol]                       0x08000d14   Section        0  stm32f10x_rcc.o(.text.RCC_AHBPeriphClockCmd)
    [Anonymous Symbol]                       0x08000d2c   Section        0  stm32f10x_rcc.o(.text.RCC_APB1PeriphClockCmd)
    [Anonymous Symbol]                       0x08000d44   Section        0  stm32f10x_rcc.o(.text.RCC_APB2PeriphClockCmd)
    [Anonymous Symbol]                       0x08000d5c   Section        0  stm32f10x_rcc.o(.text.RCC_GetClocksFreq)
    [Anonymous Symbol]                       0x08000de8   Section        0  stm32f10x_spi.o(.text.SPI_Cmd)
    [Anonymous Symbol]                       0x08000dfc   Section        0  stm32f10x_spi.o(.text.SPI_I2S_DMACmd)
    [Anonymous Symbol]                       0x08000e0c   Section        0  stm32f10x_spi.o(.text.SPI_I2S_GetFlagStatus)
    [Anonymous Symbol]                       0x08000e18   Section        0  stm32f10x_spi.o(.text.SPI_I2S_ReceiveData)
    [Anonymous Symbol]                       0x08000e1c   Section        0  stm32f10x_spi.o(.text.SPI_I2S_SendData)
    [Anonymous Symbol]                       0x08000e20   Section        0  stm32f10x_spi.o(.text.SPI_Init)
    [Anonymous Symbol]                       0x08000e68   Section        0  stm32f10x_it.o(.text.SVC_Handler)
    [Anonymous Symbol]                       0x08000e6c   Section        0  serial.o(.text.Serial_DMA_Init)
    [Anonymous Symbol]                       0x08000f44   Section        0  serial.o(.text.Serial_DisableDMA_RX)
    [Anonymous Symbol]                       0x08000f50   Section        0  serial.o(.text.Serial_EnableDMA_RX)
    [Anonymous Symbol]                       0x08000f98   Section        0  serial.o(.text.Serial_Init)
    [Anonymous Symbol]                       0x08001024   Section        0  serial.o(.text.Serial_SendByte)
    [Anonymous Symbol]                       0x08001048   Section        0  serial.o(.text.Serial_SendString)
    [Anonymous Symbol]                       0x0800107c   Section        0  image.o(.text.Show_Image)
    [Anonymous Symbol]                       0x080010a4   Section        0  stm32f10x_it.o(.text.SysTick_Handler)
    [Anonymous Symbol]                       0x080010a8   Section        0  system_stm32f10x.o(.text.SystemInit)
    [Anonymous Symbol]                       0x080011b4   Section        0  serial.o(.text.USART2_IRQHandler)
    [Anonymous Symbol]                       0x080011e0   Section        0  stm32f10x_usart.o(.text.USART_Cmd)
    [Anonymous Symbol]                       0x080011f4   Section        0  stm32f10x_usart.o(.text.USART_DMACmd)
    [Anonymous Symbol]                       0x08001204   Section        0  stm32f10x_usart.o(.text.USART_GetFlagStatus)
    [Anonymous Symbol]                       0x08001210   Section        0  stm32f10x_usart.o(.text.USART_GetITStatus)
    [Anonymous Symbol]                       0x08001244   Section        0  stm32f10x_usart.o(.text.USART_ITConfig)
    [Anonymous Symbol]                       0x08001274   Section        0  stm32f10x_usart.o(.text.USART_Init)
    [Anonymous Symbol]                       0x0800132c   Section        0  stm32f10x_usart.o(.text.USART_ReceiveData)
    [Anonymous Symbol]                       0x08001334   Section        0  stm32f10x_usart.o(.text.USART_SendData)
    [Anonymous Symbol]                       0x0800133c   Section        0  stm32f10x_it.o(.text.UsageFault_Handler)
    [Anonymous Symbol]                       0x08001340   Section        0  w25q64.o(.text.W25Q64_Init)
    [Anonymous Symbol]                       0x08001350   Section        0  w25q64.o(.text.W25Q64_PageProgram)
    [Anonymous Symbol]                       0x080013c4   Section        0  w25q64.o(.text.W25Q64_ReadData)
    [Anonymous Symbol]                       0x08001428   Section        0  w25q64.o(.text.W25Q64_SetErase)
    [Anonymous Symbol]                       0x0800148c   Section        0  main.o(.text.main)
    ADCPrescTable                            0x080016d0   Data           4  stm32f10x_rcc.o(.rodata.ADCPrescTable)
    [Anonymous Symbol]                       0x080016d0   Section        0  stm32f10x_rcc.o(.rodata.ADCPrescTable)
    APBAHBPrescTable                         0x080016d4   Data          16  stm32f10x_rcc.o(.rodata.APBAHBPrescTable)
    [Anonymous Symbol]                       0x080016d4   Section        0  stm32f10x_rcc.o(.rodata.APBAHBPrescTable)
    .L.str.2                                 0x080016e4   Data          37  main.o(.rodata.str1.1)
    [Anonymous Symbol]                       0x080016e4   Section        0  main.o(.rodata.str1.1)
    .bss                                     0x20001008   Section       96  libspace.o(.bss)
    Serial_TX_Busy                           0x20001c68   Data           1  serial.o(.bss.Serial_TX_Busy)
    [Anonymous Symbol]                       0x20001c68   Section        0  serial.o(.bss.Serial_TX_Busy)
    Heap_Mem                                 0x20001c78   Data         512  startup_stm32f10x_md.o(HEAP)
    HEAP                                     0x20001c78   Section      512  startup_stm32f10x_md.o(HEAP)
    Stack_Mem                                0x20001e78   Data        1024  startup_stm32f10x_md.o(STACK)
    STACK                                    0x20001e78   Section     1024  startup_stm32f10x_md.o(STACK)
    __initial_sp                             0x20002278   Data           0  startup_stm32f10x_md.o(STACK)

    Global Symbols

    Symbol Name                              Value     Ov Type        Size  Object(Section)

    BuildAttributes$$THM_ISAv4$P$D$K$B$S$PE$A:L22UL41UL21$X:L11$S22US41US21$IEEE1$IW$~IW$USESV6$~STKCKD$USESV7$~SHL$OTIME$ROPI$IEEEX$EBA8$UX$STANDARDLIB$REQ8$PRES8$EABIv2 0x00000000   Number         0  anon$$obj.o ABSOLUTE
    __fp_init_empty                          0x00000000   Number         0  fpinit_empty.o ABSOLUTE
    _printf_flags                            0x00000000   Number         0  printf_stubs.o ABSOLUTE
    _printf_return_value                     0x00000000   Number         0  printf_stubs.o ABSOLUTE
    _printf_sizespec                         0x00000000   Number         0  printf_stubs.o ABSOLUTE
    _printf_widthprec                        0x00000000   Number         0  printf_stubs.o ABSOLUTE
    __ARM_exceptions_init                     - Undefined Weak Reference
    __alloca_initialize                       - Undefined Weak Reference
    __arm_preinit_                            - Undefined Weak Reference
    __arm_relocate_pie_                       - Undefined Weak Reference
    __cpp_initialize__aeabi_                  - Undefined Weak Reference
    __cxa_finalize                            - Undefined Weak Reference
    __sigvec_lookup                           - Undefined Weak Reference
    _atexit_init                              - Undefined Weak Reference
    _call_atexit_fns                          - Undefined Weak Reference
    _clock_init                               - Undefined Weak Reference
    _fp_trap_init                             - Undefined Weak Reference
    _fp_trap_shutdown                         - Undefined Weak Reference
    _get_lc_collate                           - Undefined Weak Reference
    _get_lc_monetary                          - Undefined Weak Reference
    _get_lc_time                              - Undefined Weak Reference
    _getenv_init                              - Undefined Weak Reference
    _handle_redirection                       - Undefined Weak Reference
    _init_alloc                               - Undefined Weak Reference
    _init_user_alloc                          - Undefined Weak Reference
    _initio                                   - Undefined Weak Reference
    _printf_mbtowc                            - Undefined Weak Reference
    _printf_wc                                - Undefined Weak Reference
    _rand_init                                - Undefined Weak Reference
    _signal_finish                            - Undefined Weak Reference
    _signal_init                              - Undefined Weak Reference
    _terminate_alloc                          - Undefined Weak Reference
    _terminate_user_alloc                     - Undefined Weak Reference
    _terminateio                              - Undefined Weak Reference
    __Vectors_Size                           0x000000ec   Number         0  startup_stm32f10x_md.o ABSOLUTE
    __Vectors                                0x08000000   Data           4  startup_stm32f10x_md.o(RESET)
    __Vectors_End                            0x080000ec   Data           0  startup_stm32f10x_md.o(RESET)
    __main                                   0x080000ed   Thumb Code     8  __main.o(!!!main)
    __scatterload                            0x080000f5   Thumb Code     0  __scatter.o(!!!scatter)
    __scatterload_rt2                        0x080000f5   Thumb Code    84  __scatter.o(!!!scatter)
    __scatterload_rt2_thumb_only             0x080000f5   Thumb Code     0  __scatter.o(!!!scatter)
    __scatterload_loop                       0x080000ff   Thumb Code     0  __scatter.o(!!!scatter)
    __decompress                             0x08000151   Thumb Code   100  __dclz77c.o(!!dclz77c)
    __decompress2                            0x08000151   Thumb Code     0  __dclz77c.o(!!dclz77c)
    __scatterload_null                       0x080001b5   Thumb Code     2  __scatter.o(!!handler_null)
    __scatterload_zeroinit                   0x080001b9   Thumb Code    28  __scatter_zi.o(!!handler_zi)
    __rt_lib_init                            0x080001d5   Thumb Code     0  libinit.o(.ARM.Collect$$libinit$$00000000)
    __rt_lib_init_alloca_1                   0x080001d7   Thumb Code     0  libinit2.o(.ARM.Collect$$libinit$$00000030)
    __rt_lib_init_argv_1                     0x080001d7   Thumb Code     0  libinit2.o(.ARM.Collect$$libinit$$0000002E)
    __rt_lib_init_atexit_1                   0x080001d7   Thumb Code     0  libinit2.o(.ARM.Collect$$libinit$$0000001D)
    __rt_lib_init_clock_1                    0x080001d7   Thumb Code     0  libinit2.o(.ARM.Collect$$libinit$$00000023)
    __rt_lib_init_cpp_1                      0x080001d7   Thumb Code     0  libinit2.o(.ARM.Collect$$libinit$$00000034)
    __rt_lib_init_exceptions_1               0x080001d7   Thumb Code     0  libinit2.o(.ARM.Collect$$libinit$$00000032)
    __rt_lib_init_fp_1                       0x080001d7   Thumb Code     0  libinit2.o(.ARM.Collect$$libinit$$00000002)
    __rt_lib_init_fp_trap_1                  0x080001d7   Thumb Code     0  libinit2.o(.ARM.Collect$$libinit$$00000021)
    __rt_lib_init_getenv_1                   0x080001d7   Thumb Code     0  libinit2.o(.ARM.Collect$$libinit$$00000025)
    __rt_lib_init_heap_1                     0x080001d7   Thumb Code     0  libinit2.o(.ARM.Collect$$libinit$$0000000C)
    __rt_lib_init_lc_collate_1               0x080001d7   Thumb Code     0  libinit2.o(.ARM.Collect$$libinit$$00000013)
    __rt_lib_init_lc_ctype_1                 0x080001d7   Thumb Code     0  libinit2.o(.ARM.Collect$$libinit$$00000015)
    __rt_lib_init_lc_monetary_1              0x080001d7   Thumb Code     0  libinit2.o(.ARM.Collect$$libinit$$00000017)
    __rt_lib_init_lc_numeric_1               0x080001d7   Thumb Code     0  libinit2.o(.ARM.Collect$$libinit$$00000019)
    __rt_lib_init_lc_time_1                  0x080001d7   Thumb Code     0  libinit2.o(.ARM.Collect$$libinit$$0000001B)
    __rt_lib_init_preinit_1                  0x080001d7   Thumb Code     0  libinit2.o(.ARM.Collect$$libinit$$00000006)
    __rt_lib_init_rand_1                     0x080001d7   Thumb Code     0  libinit2.o(.ARM.Collect$$libinit$$00000010)
    __rt_lib_init_relocate_pie_1             0x080001d7   Thumb Code     0  libinit2.o(.ARM.Collect$$libinit$$00000004)
    __rt_lib_init_return                     0x080001d7   Thumb Code     0  libinit2.o(.ARM.Collect$$libinit$$00000035)
    __rt_lib_init_signal_1                   0x080001d7   Thumb Code     0  libinit2.o(.ARM.Collect$$libinit$$0000001F)
    __rt_lib_init_stdio_1                    0x080001d7   Thumb Code     0  libinit2.o(.ARM.Collect$$libinit$$00000027)
    __rt_lib_init_user_alloc_1               0x080001d7   Thumb Code     0  libinit2.o(.ARM.Collect$$libinit$$0000000E)
    __rt_lib_shutdown                        0x080001d9   Thumb Code     0  libshutdown.o(.ARM.Collect$$libshutdown$$00000000)
    __rt_lib_shutdown_cpp_1                  0x080001db   Thumb Code     0  libshutdown2.o(.ARM.Collect$$libshutdown$$00000002)
    __rt_lib_shutdown_fp_trap_1              0x080001db   Thumb Code     0  libshutdown2.o(.ARM.Collect$$libshutdown$$00000007)
    __rt_lib_shutdown_heap_1                 0x080001db   Thumb Code     0  libshutdown2.o(.ARM.Collect$$libshutdown$$0000000F)
    __rt_lib_shutdown_return                 0x080001db   Thumb Code     0  libshutdown2.o(.ARM.Collect$$libshutdown$$00000010)
    __rt_lib_shutdown_signal_1               0x080001db   Thumb Code     0  libshutdown2.o(.ARM.Collect$$libshutdown$$0000000A)
    __rt_lib_shutdown_stdio_1                0x080001db   Thumb Code     0  libshutdown2.o(.ARM.Collect$$libshutdown$$00000004)
    __rt_lib_shutdown_user_alloc_1           0x080001db   Thumb Code     0  libshutdown2.o(.ARM.Collect$$libshutdown$$0000000C)
    __rt_entry                               0x080001dd   Thumb Code     0  __rtentry.o(.ARM.Collect$$rtentry$$00000000)
    __rt_entry_presh_1                       0x080001dd   Thumb Code     0  __rtentry2.o(.ARM.Collect$$rtentry$$00000002)
    __rt_entry_sh                            0x080001dd   Thumb Code     0  __rtentry4.o(.ARM.Collect$$rtentry$$00000004)
    __rt_entry_li                            0x080001e3   Thumb Code     0  __rtentry2.o(.ARM.Collect$$rtentry$$0000000A)
    __rt_entry_postsh_1                      0x080001e3   Thumb Code     0  __rtentry2.o(.ARM.Collect$$rtentry$$00000009)
    __rt_entry_main                          0x080001e7   Thumb Code     0  __rtentry2.o(.ARM.Collect$$rtentry$$0000000D)
    __rt_entry_postli_1                      0x080001e7   Thumb Code     0  __rtentry2.o(.ARM.Collect$$rtentry$$0000000C)
    __rt_exit                                0x080001ef   Thumb Code     0  rtexit.o(.ARM.Collect$$rtexit$$00000000)
    __rt_exit_ls                             0x080001f1   Thumb Code     0  rtexit2.o(.ARM.Collect$$rtexit$$00000003)
    __rt_exit_prels_1                        0x080001f1   Thumb Code     0  rtexit2.o(.ARM.Collect$$rtexit$$00000002)
    __rt_exit_exit                           0x080001f5   Thumb Code     0  rtexit2.o(.ARM.Collect$$rtexit$$00000004)
    Reset_Handler                            0x080001fd   Thumb Code     8  startup_stm32f10x_md.o(.text)
    ADC1_2_IRQHandler                        0x08000217   Thumb Code     0  startup_stm32f10x_md.o(.text)
    CAN1_RX1_IRQHandler                      0x08000217   Thumb Code     0  startup_stm32f10x_md.o(.text)
    CAN1_SCE_IRQHandler                      0x08000217   Thumb Code     0  startup_stm32f10x_md.o(.text)
    DMA1_Channel1_IRQHandler                 0x08000217   Thumb Code     0  startup_stm32f10x_md.o(.text)
    DMA1_Channel2_IRQHandler                 0x08000217   Thumb Code     0  startup_stm32f10x_md.o(.text)
    DMA1_Channel3_IRQHandler                 0x08000217   Thumb Code     0  startup_stm32f10x_md.o(.text)
    DMA1_Channel4_IRQHandler                 0x08000217   Thumb Code     0  startup_stm32f10x_md.o(.text)
    DMA1_Channel5_IRQHandler                 0x08000217   Thumb Code     0  startup_stm32f10x_md.o(.text)
    EXTI0_IRQHandler                         0x08000217   Thumb Code     0  startup_stm32f10x_md.o(.text)
    EXTI15_10_IRQHandler                     0x08000217   Thumb Code     0  startup_stm32f10x_md.o(.text)
    EXTI1_IRQHandler                         0x08000217   Thumb Code     0  startup_stm32f10x_md.o(.text)
    EXTI2_IRQHandler                         0x08000217   Thumb Code     0  startup_stm32f10x_md.o(.text)
    EXTI3_IRQHandler                         0x08000217   Thumb Code     0  startup_stm32f10x_md.o(.text)
    EXTI4_IRQHandler                         0x08000217   Thumb Code     0  startup_stm32f10x_md.o(.text)
    EXTI9_5_IRQHandler                       0x08000217   Thumb Code     0  startup_stm32f10x_md.o(.text)
    FLASH_IRQHandler                         0x08000217   Thumb Code     0  startup_stm32f10x_md.o(.text)
    I2C1_ER_IRQHandler                       0x08000217   Thumb Code     0  startup_stm32f10x_md.o(.text)
    I2C1_EV_IRQHandler                       0x08000217   Thumb Code     0  startup_stm32f10x_md.o(.text)
    I2C2_ER_IRQHandler                       0x08000217   Thumb Code     0  startup_stm32f10x_md.o(.text)
    I2C2_EV_IRQHandler                       0x08000217   Thumb Code     0  startup_stm32f10x_md.o(.text)
    PVD_IRQHandler                           0x08000217   Thumb Code     0  startup_stm32f10x_md.o(.text)
    RCC_IRQHandler                           0x08000217   Thumb Code     0  startup_stm32f10x_md.o(.text)
    RTCAlarm_IRQHandler                      0x08000217   Thumb Code     0  startup_stm32f10x_md.o(.text)
    RTC_IRQHandler                           0x08000217   Thumb Code     0  startup_stm32f10x_md.o(.text)
    SPI1_IRQHandler                          0x08000217   Thumb Code     0  startup_stm32f10x_md.o(.text)
    SPI2_IRQHandler                          0x08000217   Thumb Code     0  startup_stm32f10x_md.o(.text)
    TAMPER_IRQHandler                        0x08000217   Thumb Code     0  startup_stm32f10x_md.o(.text)
    TIM1_BRK_IRQHandler                      0x08000217   Thumb Code     0  startup_stm32f10x_md.o(.text)
    TIM1_CC_IRQHandler                       0x08000217   Thumb Code     0  startup_stm32f10x_md.o(.text)
    TIM1_TRG_COM_IRQHandler                  0x08000217   Thumb Code     0  startup_stm32f10x_md.o(.text)
    TIM1_UP_IRQHandler                       0x08000217   Thumb Code     0  startup_stm32f10x_md.o(.text)
    TIM2_IRQHandler                          0x08000217   Thumb Code     0  startup_stm32f10x_md.o(.text)
    TIM3_IRQHandler                          0x08000217   Thumb Code     0  startup_stm32f10x_md.o(.text)
    TIM4_IRQHandler                          0x08000217   Thumb Code     0  startup_stm32f10x_md.o(.text)
    USART1_IRQHandler                        0x08000217   Thumb Code     0  startup_stm32f10x_md.o(.text)
    USART3_IRQHandler                        0x08000217   Thumb Code     0  startup_stm32f10x_md.o(.text)
    USBWakeUp_IRQHandler                     0x08000217   Thumb Code     0  startup_stm32f10x_md.o(.text)
    USB_HP_CAN1_TX_IRQHandler                0x08000217   Thumb Code     0  startup_stm32f10x_md.o(.text)
    USB_LP_CAN1_RX0_IRQHandler               0x08000217   Thumb Code     0  startup_stm32f10x_md.o(.text)
    WWDG_IRQHandler                          0x08000217   Thumb Code     0  startup_stm32f10x_md.o(.text)
    __user_initial_stackheap                 0x08000219   Thumb Code     0  startup_stm32f10x_md.o(.text)
    __aeabi_memcpy                           0x0800023d   Thumb Code     0  rt_memcpy_v6.o(.text)
    __rt_memcpy                              0x0800023d   Thumb Code   138  rt_memcpy_v6.o(.text)
    _memcpy_lastbytes                        0x080002a3   Thumb Code     0  rt_memcpy_v6.o(.text)
    __aeabi_memclr4                          0x080002c7   Thumb Code     0  rt_memclr_w.o(.text)
    __aeabi_memclr8                          0x080002c7   Thumb Code     0  rt_memclr_w.o(.text)
    __rt_memclr_w                            0x080002c7   Thumb Code     0  rt_memclr_w.o(.text)
    _memset_w                                0x080002cb   Thumb Code    74  rt_memclr_w.o(.text)
    __use_two_region_memory                  0x08000315   Thumb Code     2  heapauxi.o(.text)
    __rt_heap_escrow$2region                 0x08000317   Thumb Code     2  heapauxi.o(.text)
    __rt_heap_expand$2region                 0x08000319   Thumb Code     2  heapauxi.o(.text)
    __aeabi_memcpy4                          0x0800031b   Thumb Code     0  rt_memcpy_w.o(.text)
    __aeabi_memcpy8                          0x0800031b   Thumb Code     0  rt_memcpy_w.o(.text)
    __rt_memcpy_w                            0x0800031b   Thumb Code   100  rt_memcpy_w.o(.text)
    _memcpy_lastbytes_aligned                0x08000363   Thumb Code     0  rt_memcpy_w.o(.text)
    __user_libspace                          0x08000381   Thumb Code     8  libspace.o(.text)
    __user_perproc_libspace                  0x08000381   Thumb Code     0  libspace.o(.text)
    __user_perthread_libspace                0x08000381   Thumb Code     0  libspace.o(.text)
    __user_setup_stackheap                   0x08000389   Thumb Code    74  sys_stackheap_outer.o(.text)
    exit                                     0x080003d3   Thumb Code    18  exit.o(.text)
    _sys_exit                                0x080003e5   Thumb Code     8  sys_exit.o(.text)
    __I$use$semihosting                      0x080003f1   Thumb Code     0  use_no_semi.o(.text)
    __use_no_semihosting_swi                 0x080003f1   Thumb Code     2  use_no_semi.o(.text)
    __semihosting_library_function           0x080003f3   Thumb Code     0  indicate_semi.o(.text)
    BusFault_Handler                         0x080003f5   Thumb Code     2  stm32f10x_it.o(.text.BusFault_Handler)
    DMA1_Channel6_IRQHandler                 0x080003f9   Thumb Code   116  serial.o(.text.DMA1_Channel6_IRQHandler)
    DMA1_Channel7_IRQHandler                 0x0800046d   Thumb Code    38  serial.o(.text.DMA1_Channel7_IRQHandler)
    DMA_ClearFlag                            0x08000495   Thumb Code    16  stm32f10x_dma.o(.text.DMA_ClearFlag)
    DMA_ClearITPendingBit                    0x080004a5   Thumb Code    16  stm32f10x_dma.o(.text.DMA_ClearITPendingBit)
    DMA_Cmd                                  0x080004b5   Thumb Code    22  stm32f10x_dma.o(.text.DMA_Cmd)
    DMA_DeInit                               0x080004cd   Thumb Code   268  stm32f10x_dma.o(.text.DMA_DeInit)
    DMA_GetFlagStatus                        0x080005d9   Thumb Code    22  stm32f10x_dma.o(.text.DMA_GetFlagStatus)
    DMA_GetITStatus                          0x080005f1   Thumb Code    22  stm32f10x_dma.o(.text.DMA_GetITStatus)
    DMA_ITConfig                             0x08000609   Thumb Code    16  stm32f10x_dma.o(.text.DMA_ITConfig)
    DMA_Init                                 0x08000619   Thumb Code    72  stm32f10x_dma.o(.text.DMA_Init)
    DMA_SetCurrDataCounter                   0x08000661   Thumb Code     4  stm32f10x_dma.o(.text.DMA_SetCurrDataCounter)
    DebugMon_Handler                         0x08000665   Thumb Code     2  stm32f10x_it.o(.text.DebugMon_Handler)
    Delay_ms                                 0x08000669   Thumb Code    62  delay.o(.text.Delay_ms)
    GPIO_Init                                0x080006a9   Thumb Code   188  stm32f10x_gpio.o(.text.GPIO_Init)
    GPIO_WriteBit                            0x08000765   Thumb Code    12  stm32f10x_gpio.o(.text.GPIO_WriteBit)
    HardFault_Handler                        0x08000771   Thumb Code     2  stm32f10x_it.o(.text.HardFault_Handler)
    Image_Load                               0x08000775   Thumb Code    16  image.o(.text.Image_Load)
    MemManage_Handler                        0x08000785   Thumb Code     2  stm32f10x_it.o(.text.MemManage_Handler)
    MySPI_DMA_Init                           0x08000789   Thumb Code    90  myspi.o(.text.MySPI_DMA_Init)
    MySPI_Init                               0x080007e5   Thumb Code   158  myspi.o(.text.MySPI_Init)
    MySPI_Start                              0x08000885   Thumb Code    16  myspi.o(.text.MySPI_Start)
    MySPI_Stop                               0x08000895   Thumb Code    16  myspi.o(.text.MySPI_Stop)
    MySPI_SwapArray                          0x080008a5   Thumb Code   124  myspi.o(.text.MySPI_SwapArray)
    MySPI_SwapArray_DMA                      0x08000921   Thumb Code   106  myspi.o(.text.MySPI_SwapArray_DMA)
    MySPI_SwapByte                           0x0800098d   Thumb Code    54  myspi.o(.text.MySPI_SwapByte)
    NMI_Handler                              0x080009c5   Thumb Code     2  stm32f10x_it.o(.text.NMI_Handler)
    NVIC_Init                                0x080009c9   Thumb Code    94  misc.o(.text.NVIC_Init)
    OLED_I2C_SendByte                        0x08000a29   Thumb Code    92  oled.o(.text.OLED_I2C_SendByte)
    OLED_Init                                0x08000a85   Thumb Code   284  oled.o(.text.OLED_Init)
    OLED_Update                              0x08000ba1   Thumb Code    54  oled.o(.text.OLED_Update)
    OLED_WriteCommand                        0x08000bd9   Thumb Code   178  oled.o(.text.OLED_WriteCommand)
    OLED_WriteData                           0x08000c8d   Thumb Code   132  oled.o(.text.OLED_WriteData)
    PendSV_Handler                           0x08000d11   Thumb Code     2  stm32f10x_it.o(.text.PendSV_Handler)
    RCC_AHBPeriphClockCmd                    0x08000d15   Thumb Code    24  stm32f10x_rcc.o(.text.RCC_AHBPeriphClockCmd)
    RCC_APB1PeriphClockCmd                   0x08000d2d   Thumb Code    24  stm32f10x_rcc.o(.text.RCC_APB1PeriphClockCmd)
    RCC_APB2PeriphClockCmd                   0x08000d45   Thumb Code    24  stm32f10x_rcc.o(.text.RCC_APB2PeriphClockCmd)
    RCC_GetClocksFreq                        0x08000d5d   Thumb Code   140  stm32f10x_rcc.o(.text.RCC_GetClocksFreq)
    SPI_Cmd                                  0x08000de9   Thumb Code    20  stm32f10x_spi.o(.text.SPI_Cmd)
    SPI_I2S_DMACmd                           0x08000dfd   Thumb Code    16  stm32f10x_spi.o(.text.SPI_I2S_DMACmd)
    SPI_I2S_GetFlagStatus                    0x08000e0d   Thumb Code    10  stm32f10x_spi.o(.text.SPI_I2S_GetFlagStatus)
    SPI_I2S_ReceiveData                      0x08000e19   Thumb Code     4  stm32f10x_spi.o(.text.SPI_I2S_ReceiveData)
    SPI_I2S_SendData                         0x08000e1d   Thumb Code     4  stm32f10x_spi.o(.text.SPI_I2S_SendData)
    SPI_Init                                 0x08000e21   Thumb Code    70  stm32f10x_spi.o(.text.SPI_Init)
    SVC_Handler                              0x08000e69   Thumb Code     2  stm32f10x_it.o(.text.SVC_Handler)
    Serial_DMA_Init                          0x08000e6d   Thumb Code   216  serial.o(.text.Serial_DMA_Init)
    Serial_DisableDMA_RX                     0x08000f45   Thumb Code    12  serial.o(.text.Serial_DisableDMA_RX)
    Serial_EnableDMA_RX                      0x08000f51   Thumb Code    70  serial.o(.text.Serial_EnableDMA_RX)
    Serial_Init                              0x08000f99   Thumb Code   138  serial.o(.text.Serial_Init)
    Serial_SendByte                          0x08001025   Thumb Code    34  serial.o(.text.Serial_SendByte)
    Serial_SendString                        0x08001049   Thumb Code    50  serial.o(.text.Serial_SendString)
    Show_Image                               0x0800107d   Thumb Code    38  image.o(.text.Show_Image)
    SysTick_Handler                          0x080010a5   Thumb Code     2  stm32f10x_it.o(.text.SysTick_Handler)
    SystemInit                               0x080010a9   Thumb Code   268  system_stm32f10x.o(.text.SystemInit)
    USART2_IRQHandler                        0x080011b5   Thumb Code    44  serial.o(.text.USART2_IRQHandler)
    USART_Cmd                                0x080011e1   Thumb Code    20  stm32f10x_usart.o(.text.USART_Cmd)
    USART_DMACmd                             0x080011f5   Thumb Code    16  stm32f10x_usart.o(.text.USART_DMACmd)
    USART_GetFlagStatus                      0x08001205   Thumb Code    10  stm32f10x_usart.o(.text.USART_GetFlagStatus)
    USART_GetITStatus                        0x08001211   Thumb Code    50  stm32f10x_usart.o(.text.USART_GetITStatus)
    USART_ITConfig                           0x08001245   Thumb Code    46  stm32f10x_usart.o(.text.USART_ITConfig)
    USART_Init                               0x08001275   Thumb Code   182  stm32f10x_usart.o(.text.USART_Init)
    USART_ReceiveData                        0x0800132d   Thumb Code     8  stm32f10x_usart.o(.text.USART_ReceiveData)
    USART_SendData                           0x08001335   Thumb Code     8  stm32f10x_usart.o(.text.USART_SendData)
    UsageFault_Handler                       0x0800133d   Thumb Code     2  stm32f10x_it.o(.text.UsageFault_Handler)
    W25Q64_Init                              0x08001341   Thumb Code    14  w25q64.o(.text.W25Q64_Init)
    W25Q64_PageProgram                       0x08001351   Thumb Code   114  w25q64.o(.text.W25Q64_PageProgram)
    W25Q64_ReadData                          0x080013c5   Thumb Code   100  w25q64.o(.text.W25Q64_ReadData)
    W25Q64_SetErase                          0x08001429   Thumb Code   100  w25q64.o(.text.W25Q64_SetErase)
    main                                     0x0800148d   Thumb Code   472  main.o(.text.main)
    Region$$Table$$Base                      0x0800170c   Number         0  anon$$obj.o(Region$$Table)
    Region$$Table$$Limit                     0x0800172c   Number         0  anon$$obj.o(Region$$Table)
    Image_4                                  0x20000000   Data        4096  image.o(.data.Image_4)
    mode                                     0x20001000   Data           1  main.o(.data.mode)
    __libspace_start                         0x20001008   Data          96  libspace.o(.bss)
    Image_Buffer1                            0x20001068   Data        1024  serial.o(.bss.Image_Buffer1)
    __temporary_stack_top$libspace           0x20001068   Data           0  libspace.o(.bss)
    Image_Buffer2                            0x20001468   Data        1024  serial.o(.bss.Image_Buffer2)
    OLED_DisplayBuf                          0x20001868   Data        1024  oled.o(.bss.OLED_DisplayBuf)
    current_buffer                           0x20001c69   Data           1  serial.o(.bss.current_buffer)
    current_sector                           0x20001c6a   Data           2  main.o(.bss.current_sector)
    idle_ms                                  0x20001c6c   Data           4  main.o(.bss.idle_ms)
    image_count                              0x20001c70   Data           2  main.o(.bss.image_count)
    offset_in_sector                         0x20001c72   Data           1  main.o(.bss.offset_in_sector)
    ready_buffer                             0x20001c73   Data           1  serial.o(.bss.ready_buffer)
    serial_cmd                               0x20001c74   Data           1  serial.o(.bss.serial_cmd)



==============================================================================

Memory Map of the image

  Image Entry point : 0x080000ed

  Load Region LR_IROM1 (Base: 0x08000000, Size: 0x00002738, Max: 0x00010000, ABSOLUTE, COMPRESSED[0x00001998])

    Execution Region ER_IROM1 (Exec base: 0x08000000, Load base: 0x08000000, Size: 0x0000172c, Max: 0x00010000, ABSOLUTE)

    Exec Addr    Load Addr    Size         Type   Attr      Idx    E Section Name        Object

    0x08000000   0x08000000   0x000000ec   Data   RO            3    RESET               startup_stm32f10x_md.o
    0x080000ec   0x080000ec   0x00000008   Code   RO         1395  * !!!main             c_w.l(__main.o)
    0x080000f4   0x080000f4   0x0000005c   Code   RO         1849    !!!scatter          c_w.l(__scatter.o)
    0x08000150   0x08000150   0x00000064   Code   RO         1847    !!dclz77c           c_w.l(__dclz77c.o)
    0x080001b4   0x080001b4   0x00000002   Code   RO         1850    !!handler_null      c_w.l(__scatter.o)
    0x080001b6   0x080001b6   0x00000002   PAD
    0x080001b8   0x080001b8   0x0000001c   Code   RO         1853    !!handler_zi        c_w.l(__scatter_zi.o)
    0x080001d4   0x080001d4   0x00000002   Code   RO         1697    .ARM.Collect$$libinit$$00000000  c_w.l(libinit.o)
    0x080001d6   0x080001d6   0x00000000   Code   RO         1710    .ARM.Collect$$libinit$$00000002  c_w.l(libinit2.o)
    0x080001d6   0x080001d6   0x00000000   Code   RO         1712    .ARM.Collect$$libinit$$00000004  c_w.l(libinit2.o)
    0x080001d6   0x080001d6   0x00000000   Code   RO         1714    .ARM.Collect$$libinit$$00000006  c_w.l(libinit2.o)
    0x080001d6   0x080001d6   0x00000000   Code   RO         1717    .ARM.Collect$$libinit$$0000000C  c_w.l(libinit2.o)
    0x080001d6   0x080001d6   0x00000000   Code   RO         1719    .ARM.Collect$$libinit$$0000000E  c_w.l(libinit2.o)
    0x080001d6   0x080001d6   0x00000000   Code   RO         1721    .ARM.Collect$$libinit$$00000010  c_w.l(libinit2.o)
    0x080001d6   0x080001d6   0x00000000   Code   RO         1724    .ARM.Collect$$libinit$$00000013  c_w.l(libinit2.o)
    0x080001d6   0x080001d6   0x00000000   Code   RO         1726    .ARM.Collect$$libinit$$00000015  c_w.l(libinit2.o)
    0x080001d6   0x080001d6   0x00000000   Code   RO         1728    .ARM.Collect$$libinit$$00000017  c_w.l(libinit2.o)
    0x080001d6   0x080001d6   0x00000000   Code   RO         1730    .ARM.Collect$$libinit$$00000019  c_w.l(libinit2.o)
    0x080001d6   0x080001d6   0x00000000   Code   RO         1732    .ARM.Collect$$libinit$$0000001B  c_w.l(libinit2.o)
    0x080001d6   0x080001d6   0x00000000   Code   RO         1734    .ARM.Collect$$libinit$$0000001D  c_w.l(libinit2.o)
    0x080001d6   0x080001d6   0x00000000   Code   RO         1736    .ARM.Collect$$libinit$$0000001F  c_w.l(libinit2.o)
    0x080001d6   0x080001d6   0x00000000   Code   RO         1738    .ARM.Collect$$libinit$$00000021  c_w.l(libinit2.o)
    0x080001d6   0x080001d6   0x00000000   Code   RO         1740    .ARM.Collect$$libinit$$00000023  c_w.l(libinit2.o)
    0x080001d6   0x080001d6   0x00000000   Code   RO         1742    .ARM.Collect$$libinit$$00000025  c_w.l(libinit2.o)
    0x080001d6   0x080001d6   0x00000000   Code   RO         1744    .ARM.Collect$$libinit$$00000027  c_w.l(libinit2.o)
    0x080001d6   0x080001d6   0x00000000   Code   RO         1748    .ARM.Collect$$libinit$$0000002E  c_w.l(libinit2.o)
    0x080001d6   0x080001d6   0x00000000   Code   RO         1750    .ARM.Collect$$libinit$$00000030  c_w.l(libinit2.o)
    0x080001d6   0x080001d6   0x00000000   Code   RO         1752    .ARM.Collect$$libinit$$00000032  c_w.l(libinit2.o)
    0x080001d6   0x080001d6   0x00000000   Code   RO         1754    .ARM.Collect$$libinit$$00000034  c_w.l(libinit2.o)
    0x080001d6   0x080001d6   0x00000002   Code   RO         1755    .ARM.Collect$$libinit$$00000035  c_w.l(libinit2.o)
    0x080001d8   0x080001d8   0x00000002   Code   RO         1783    .ARM.Collect$$libshutdown$$00000000  c_w.l(libshutdown.o)
    0x080001da   0x080001da   0x00000000   Code   RO         1798    .ARM.Collect$$libshutdown$$00000002  c_w.l(libshutdown2.o)
    0x080001da   0x080001da   0x00000000   Code   RO         1800    .ARM.Collect$$libshutdown$$00000004  c_w.l(libshutdown2.o)
    0x080001da   0x080001da   0x00000000   Code   RO         1803    .ARM.Collect$$libshutdown$$00000007  c_w.l(libshutdown2.o)
    0x080001da   0x080001da   0x00000000   Code   RO         1806    .ARM.Collect$$libshutdown$$0000000A  c_w.l(libshutdown2.o)
    0x080001da   0x080001da   0x00000000   Code   RO         1808    .ARM.Collect$$libshutdown$$0000000C  c_w.l(libshutdown2.o)
    0x080001da   0x080001da   0x00000000   Code   RO         1811    .ARM.Collect$$libshutdown$$0000000F  c_w.l(libshutdown2.o)
    0x080001da   0x080001da   0x00000002   Code   RO         1812    .ARM.Collect$$libshutdown$$00000010  c_w.l(libshutdown2.o)
    0x080001dc   0x080001dc   0x00000000   Code   RO         1447    .ARM.Collect$$rtentry$$00000000  c_w.l(__rtentry.o)
    0x080001dc   0x080001dc   0x00000000   Code   RO         1597    .ARM.Collect$$rtentry$$00000002  c_w.l(__rtentry2.o)
    0x080001dc   0x080001dc   0x00000006   Code   RO         1609    .ARM.Collect$$rtentry$$00000004  c_w.l(__rtentry4.o)
    0x080001e2   0x080001e2   0x00000000   Code   RO         1599    .ARM.Collect$$rtentry$$00000009  c_w.l(__rtentry2.o)
    0x080001e2   0x080001e2   0x00000004   Code   RO         1600    .ARM.Collect$$rtentry$$0000000A  c_w.l(__rtentry2.o)
    0x080001e6   0x080001e6   0x00000000   Code   RO         1602    .ARM.Collect$$rtentry$$0000000C  c_w.l(__rtentry2.o)
    0x080001e6   0x080001e6   0x00000008   Code   RO         1603    .ARM.Collect$$rtentry$$0000000D  c_w.l(__rtentry2.o)
    0x080001ee   0x080001ee   0x00000002   Code   RO         1702    .ARM.Collect$$rtexit$$00000000  c_w.l(rtexit.o)
    0x080001f0   0x080001f0   0x00000000   Code   RO         1759    .ARM.Collect$$rtexit$$00000002  c_w.l(rtexit2.o)
    0x080001f0   0x080001f0   0x00000004   Code   RO         1760    .ARM.Collect$$rtexit$$00000003  c_w.l(rtexit2.o)
    0x080001f4   0x080001f4   0x00000006   Code   RO         1761    .ARM.Collect$$rtexit$$00000004  c_w.l(rtexit2.o)
    0x080001fa   0x080001fa   0x00000002   PAD
    0x080001fc   0x080001fc   0x00000040   Code   RO            4    .text               startup_stm32f10x_md.o
    0x0800023c   0x0800023c   0x0000008a   Code   RO         1387    .text               c_w.l(rt_memcpy_v6.o)
    0x080002c6   0x080002c6   0x0000004e   Code   RO         1389    .text               c_w.l(rt_memclr_w.o)
    0x08000314   0x08000314   0x00000006   Code   RO         1393    .text               c_w.l(heapauxi.o)
    0x0800031a   0x0800031a   0x00000064   Code   RO         1541    .text               c_w.l(rt_memcpy_w.o)
    0x0800037e   0x0800037e   0x00000002   PAD
    0x08000380   0x08000380   0x00000008   Code   RO         1646    .text               c_w.l(libspace.o)
    0x08000388   0x08000388   0x0000004a   Code   RO         1649    .text               c_w.l(sys_stackheap_outer.o)
    0x080003d2   0x080003d2   0x00000012   Code   RO         1690    .text               c_w.l(exit.o)
    0x080003e4   0x080003e4   0x0000000c   Code   RO         1773    .text               c_w.l(sys_exit.o)
    0x080003f0   0x080003f0   0x00000002   Code   RO         1788    .text               c_w.l(use_no_semi.o)
    0x080003f2   0x080003f2   0x00000000   Code   RO         1790    .text               c_w.l(indicate_semi.o)
    0x080003f2   0x080003f2   0x00000002   PAD
    0x080003f4   0x080003f4   0x00000002   Code   RO         1365    .text.BusFault_Handler  stm32f10x_it.o
    0x080003f6   0x080003f6   0x00000002   PAD
    0x080003f8   0x080003f8   0x00000074   Code   RO         1324    .text.DMA1_Channel6_IRQHandler  serial.o
    0x0800046c   0x0800046c   0x00000026   Code   RO         1322    .text.DMA1_Channel7_IRQHandler  serial.o
    0x08000492   0x08000492   0x00000002   PAD
    0x08000494   0x08000494   0x00000010   Code   RO          329    .text.DMA_ClearFlag  stm32f10x_dma.o
    0x080004a4   0x080004a4   0x00000010   Code   RO          333    .text.DMA_ClearITPendingBit  stm32f10x_dma.o
    0x080004b4   0x080004b4   0x00000016   Code   RO          319    .text.DMA_Cmd       stm32f10x_dma.o
    0x080004ca   0x080004ca   0x00000002   PAD
    0x080004cc   0x080004cc   0x0000010c   Code   RO          313    .text.DMA_DeInit    stm32f10x_dma.o
    0x080005d8   0x080005d8   0x00000016   Code   RO          327    .text.DMA_GetFlagStatus  stm32f10x_dma.o
    0x080005ee   0x080005ee   0x00000002   PAD
    0x080005f0   0x080005f0   0x00000016   Code   RO          331    .text.DMA_GetITStatus  stm32f10x_dma.o
    0x08000606   0x08000606   0x00000002   PAD
    0x08000608   0x08000608   0x00000010   Code   RO          321    .text.DMA_ITConfig  stm32f10x_dma.o
    0x08000618   0x08000618   0x00000048   Code   RO          315    .text.DMA_Init      stm32f10x_dma.o
    0x08000660   0x08000660   0x00000004   Code   RO          323    .text.DMA_SetCurrDataCounter  stm32f10x_dma.o
    0x08000664   0x08000664   0x00000002   Code   RO         1371    .text.DebugMon_Handler  stm32f10x_it.o
    0x08000666   0x08000666   0x00000002   PAD
    0x08000668   0x08000668   0x0000003e   Code   RO         1148    .text.Delay_ms      delay.o
    0x080006a6   0x080006a6   0x00000002   PAD
    0x080006a8   0x080006a8   0x000000bc   Code   RO          481    .text.GPIO_Init     stm32f10x_gpio.o
    0x08000764   0x08000764   0x0000000c   Code   RO          497    .text.GPIO_WriteBit  stm32f10x_gpio.o
    0x08000770   0x08000770   0x00000002   Code   RO         1361    .text.HardFault_Handler  stm32f10x_it.o
    0x08000772   0x08000772   0x00000002   PAD
    0x08000774   0x08000774   0x00000010   Code   RO         1295    .text.Image_Load    image.o
    0x08000784   0x08000784   0x00000002   Code   RO         1363    .text.MemManage_Handler  stm32f10x_it.o
    0x08000786   0x08000786   0x00000002   PAD
    0x08000788   0x08000788   0x0000005a   Code   RO         1253    .text.MySPI_DMA_Init  myspi.o
    0x080007e2   0x080007e2   0x00000002   PAD
    0x080007e4   0x080007e4   0x0000009e   Code   RO         1251    .text.MySPI_Init    myspi.o
    0x08000882   0x08000882   0x00000002   PAD
    0x08000884   0x08000884   0x00000010   Code   RO         1255    .text.MySPI_Start   myspi.o
    0x08000894   0x08000894   0x00000010   Code   RO         1257    .text.MySPI_Stop    myspi.o
    0x080008a4   0x080008a4   0x0000007c   Code   RO         1261    .text.MySPI_SwapArray  myspi.o
    0x08000920   0x08000920   0x0000006a   Code   RO         1263    .text.MySPI_SwapArray_DMA  myspi.o
    0x0800098a   0x0800098a   0x00000002   PAD
    0x0800098c   0x0800098c   0x00000036   Code   RO         1259    .text.MySPI_SwapByte  myspi.o
    0x080009c2   0x080009c2   0x00000002   PAD
    0x080009c4   0x080009c4   0x00000002   Code   RO         1359    .text.NMI_Handler   stm32f10x_it.o
    0x080009c6   0x080009c6   0x00000002   PAD
    0x080009c8   0x080009c8   0x0000005e   Code   RO           27    .text.NVIC_Init     misc.o
    0x08000a26   0x08000a26   0x00000002   PAD
    0x08000a28   0x08000a28   0x0000005c   Code   RO         1170    .text.OLED_I2C_SendByte  oled.o
    0x08000a84   0x08000a84   0x0000011c   Code   RO         1176    .text.OLED_Init     oled.o
    0x08000ba0   0x08000ba0   0x00000036   Code   RO         1180    .text.OLED_Update   oled.o
    0x08000bd6   0x08000bd6   0x00000002   PAD
    0x08000bd8   0x08000bd8   0x000000b2   Code   RO         1172    .text.OLED_WriteCommand  oled.o
    0x08000c8a   0x08000c8a   0x00000002   PAD
    0x08000c8c   0x08000c8c   0x00000084   Code   RO         1174    .text.OLED_WriteData  oled.o
    0x08000d10   0x08000d10   0x00000002   Code   RO         1373    .text.PendSV_Handler  stm32f10x_it.o
    0x08000d12   0x08000d12   0x00000002   PAD
    0x08000d14   0x08000d14   0x00000018   Code   RO          684    .text.RCC_AHBPeriphClockCmd  stm32f10x_rcc.o
    0x08000d2c   0x08000d2c   0x00000018   Code   RO          688    .text.RCC_APB1PeriphClockCmd  stm32f10x_rcc.o
    0x08000d44   0x08000d44   0x00000018   Code   RO          686    .text.RCC_APB2PeriphClockCmd  stm32f10x_rcc.o
    0x08000d5c   0x08000d5c   0x0000008c   Code   RO          682    .text.RCC_GetClocksFreq  stm32f10x_rcc.o
    0x08000de8   0x08000de8   0x00000014   Code   RO          830    .text.SPI_Cmd       stm32f10x_spi.o
    0x08000dfc   0x08000dfc   0x00000010   Code   RO          836    .text.SPI_I2S_DMACmd  stm32f10x_spi.o
    0x08000e0c   0x08000e0c   0x0000000a   Code   RO          858    .text.SPI_I2S_GetFlagStatus  stm32f10x_spi.o
    0x08000e16   0x08000e16   0x00000002   PAD
    0x08000e18   0x08000e18   0x00000004   Code   RO          840    .text.SPI_I2S_ReceiveData  stm32f10x_spi.o
    0x08000e1c   0x08000e1c   0x00000004   Code   RO          838    .text.SPI_I2S_SendData  stm32f10x_spi.o
    0x08000e20   0x08000e20   0x00000046   Code   RO          822    .text.SPI_Init      stm32f10x_spi.o
    0x08000e66   0x08000e66   0x00000002   PAD
    0x08000e68   0x08000e68   0x00000002   Code   RO         1369    .text.SVC_Handler   stm32f10x_it.o
    0x08000e6a   0x08000e6a   0x00000002   PAD
    0x08000e6c   0x08000e6c   0x000000d8   Code   RO         1308    .text.Serial_DMA_Init  serial.o
    0x08000f44   0x08000f44   0x0000000c   Code   RO         1312    .text.Serial_DisableDMA_RX  serial.o
    0x08000f50   0x08000f50   0x00000046   Code   RO         1310    .text.Serial_EnableDMA_RX  serial.o
    0x08000f96   0x08000f96   0x00000002   PAD
    0x08000f98   0x08000f98   0x0000008a   Code   RO         1306    .text.Serial_Init   serial.o
    0x08001022   0x08001022   0x00000002   PAD
    0x08001024   0x08001024   0x00000022   Code   RO         1314    .text.Serial_SendByte  serial.o
    0x08001046   0x08001046   0x00000002   PAD
    0x08001048   0x08001048   0x00000032   Code   RO         1316    .text.Serial_SendString  serial.o
    0x0800107a   0x0800107a   0x00000002   PAD
    0x0800107c   0x0800107c   0x00000026   Code   RO         1291    .text.Show_Image    image.o
    0x080010a2   0x080010a2   0x00000002   PAD
    0x080010a4   0x080010a4   0x00000002   Code   RO         1375    .text.SysTick_Handler  stm32f10x_it.o
    0x080010a6   0x080010a6   0x00000002   PAD
    0x080010a8   0x080010a8   0x0000010c   Code   RO           11    .text.SystemInit    system_stm32f10x.o
    0x080011b4   0x080011b4   0x0000002c   Code   RO         1320    .text.USART2_IRQHandler  serial.o
    0x080011e0   0x080011e0   0x00000014   Code   RO         1066    .text.USART_Cmd     stm32f10x_usart.o
    0x080011f4   0x080011f4   0x00000010   Code   RO         1070    .text.USART_DMACmd  stm32f10x_usart.o
    0x08001204   0x08001204   0x0000000a   Code   RO         1106    .text.USART_GetFlagStatus  stm32f10x_usart.o
    0x0800120e   0x0800120e   0x00000002   PAD
    0x08001210   0x08001210   0x00000032   Code   RO         1110    .text.USART_GetITStatus  stm32f10x_usart.o
    0x08001242   0x08001242   0x00000002   PAD
    0x08001244   0x08001244   0x0000002e   Code   RO         1068    .text.USART_ITConfig  stm32f10x_usart.o
    0x08001272   0x08001272   0x00000002   PAD
    0x08001274   0x08001274   0x000000b6   Code   RO         1058    .text.USART_Init    stm32f10x_usart.o
    0x0800132a   0x0800132a   0x00000002   PAD
    0x0800132c   0x0800132c   0x00000008   Code   RO         1084    .text.USART_ReceiveData  stm32f10x_usart.o
    0x08001334   0x08001334   0x00000008   Code   RO         1082    .text.USART_SendData  stm32f10x_usart.o
    0x0800133c   0x0800133c   0x00000002   Code   RO         1367    .text.UsageFault_Handler  stm32f10x_it.o
    0x0800133e   0x0800133e   0x00000002   PAD
    0x08001340   0x08001340   0x0000000e   Code   RO         1273    .text.W25Q64_Init   w25q64.o
    0x0800134e   0x0800134e   0x00000002   PAD
    0x08001350   0x08001350   0x00000072   Code   RO         1281    .text.W25Q64_PageProgram  w25q64.o
    0x080013c2   0x080013c2   0x00000002   PAD
    0x080013c4   0x080013c4   0x00000064   Code   RO         1277    .text.W25Q64_ReadData  w25q64.o
    0x08001428   0x08001428   0x00000064   Code   RO         1279    .text.W25Q64_SetErase  w25q64.o
    0x0800148c   0x0800148c   0x00000244   Code   RO         1342    .text.main          main.o
    0x080016d0   0x080016d0   0x00000004   Data   RO          707    .rodata.ADCPrescTable  stm32f10x_rcc.o
    0x080016d4   0x080016d4   0x00000010   Data   RO          706    .rodata.APBAHBPrescTable  stm32f10x_rcc.o
    0x080016e4   0x080016e4   0x00000025   Data   RO         1349    .rodata.str1.1      main.o
    0x08001709   0x08001709   0x00000003   PAD
    0x0800170c   0x0800170c   0x00000020   Data   RO         1846    Region$$Table       anon$$obj.o


    Execution Region RW_IRAM1 (Exec base: 0x20000000, Load base: 0x08001730, Size: 0x00002278, Max: 0x00005000, ABSOLUTE, COMPRESSED[0x00000268])

    Exec Addr    Load Addr    Size         Type   Attr      Idx    E Section Name        Object

    0x20000000   COMPRESSED   0x00001000   Data   RW         1297    .data.Image_4       image.o
    0x20001000   COMPRESSED   0x00000001   Data   RW         1344    .data.mode          main.o
    0x20001001   COMPRESSED   0x00000007   PAD
    0x20001008        -       0x00000060   Zero   RW         1647    .bss                c_w.l(libspace.o)
    0x20001068        -       0x00000400   Zero   RW         1329    .bss.Image_Buffer1  serial.o
    0x20001468        -       0x00000400   Zero   RW         1331    .bss.Image_Buffer2  serial.o
    0x20001868        -       0x00000400   Zero   RW         1232    .bss.OLED_DisplayBuf  oled.o
    0x20001c68        -       0x00000001   Zero   RW         1330    .bss.Serial_TX_Busy  serial.o
    0x20001c69        -       0x00000001   Zero   RW         1326    .bss.current_buffer  serial.o
    0x20001c6a        -       0x00000002   Zero   RW         1346    .bss.current_sector  main.o
    0x20001c6c        -       0x00000004   Zero   RW         1348    .bss.idle_ms        main.o
    0x20001c70        -       0x00000002   Zero   RW         1345    .bss.image_count    main.o
    0x20001c72        -       0x00000001   Zero   RW         1347    .bss.offset_in_sector  main.o
    0x20001c73        -       0x00000001   Zero   RW         1327    .bss.ready_buffer   serial.o
    0x20001c74        -       0x00000001   Zero   RW         1328    .bss.serial_cmd     serial.o
    0x20001c75   COMPRESSED   0x00000003   PAD
    0x20001c78        -       0x00000200   Zero   RW            2    HEAP                startup_stm32f10x_md.o
    0x20001e78        -       0x00000400   Zero   RW            1    STACK               startup_stm32f10x_md.o


==============================================================================

Image component sizes


      Code (inc. data)   RO Data    RW Data    ZI Data      Debug   Object Name

        62          0          0          0          0       1523   delay.o
        54          0          0       4096          0       1692   image.o
       580        108         37          1          9       2124   main.o
        94          0          0          0          0       3182   misc.o
       564          0          0          0          0       4324   myspi.o
       740          0          0          0       1024      36613   oled.o
       718          0          0          0       2052       6045   serial.o
        64         26        236          0       1536        844   startup_stm32f10x_md.o
       458          0          0          0          0       3970   stm32f10x_dma.o
       200          0          0          0          0       5861   stm32f10x_gpio.o
        18          0          0          0          0       1044   stm32f10x_it.o
       212          0         20          0          0       8243   stm32f10x_rcc.o
       124          0          0          0          0       7468   stm32f10x_spi.o
       340          0          0          0          0       8622   stm32f10x_usart.o
       268          0          0          0          0       2586   system_stm32f10x.o
       328          0          0          0          0       2249   w25q64.o

    ----------------------------------------------------------------------
      4892        134        328       4100       4628      96390   Object Totals
         0          0         32          0          0          0   (incl. Generated)
        68          0          3          3          7          0   (incl. Padding)

    ----------------------------------------------------------------------

      Code (inc. data)   RO Data    RW Data    ZI Data      Debug   Library Member Name

       100          0          0          0          0          0   __dclz77c.o
         8          0          0          0          0         68   __main.o
         0          0          0          0          0          0   __rtentry.o
        12          0          0          0          0          0   __rtentry2.o
         6          0          0          0          0          0   __rtentry4.o
        94          8          0          0          0          0   __scatter.o
        28          0          0          0          0          0   __scatter_zi.o
        18          0          0          0          0         80   exit.o
         6          0          0          0          0        152   heapauxi.o
         0          0          0          0          0          0   indicate_semi.o
         2          0          0          0          0          0   libinit.o
         2          0          0          0          0          0   libinit2.o
         2          0          0          0          0          0   libshutdown.o
         2          0          0          0          0          0   libshutdown2.o
         8          4          0          0         96         68   libspace.o
        78          0          0          0          0         80   rt_memclr_w.o
       138          0          0          0          0         68   rt_memcpy_v6.o
       100          0          0          0          0         80   rt_memcpy_w.o
         2          0          0          0          0          0   rtexit.o
        10          0          0          0          0          0   rtexit2.o
        12          4          0          0          0         68   sys_exit.o
        74          0          0          0          0         80   sys_stackheap_outer.o
         2          0          0          0          0         68   use_no_semi.o

    ----------------------------------------------------------------------
       712         16          0          0         96        812   Library Totals
         8          0          0          0          0          0   (incl. Padding)

    ----------------------------------------------------------------------

      Code (inc. data)   RO Data    RW Data    ZI Data      Debug   Library Name

       704         16          0          0         96        812   c_w.l

    ----------------------------------------------------------------------
       712         16          0          0         96        812   Library Totals

    ----------------------------------------------------------------------

==============================================================================


      Code (inc. data)   RO Data    RW Data    ZI Data      Debug   

      5604        150        328       4100       4724      96726   Grand Totals
      5604        150        328        616       4724      96726   ELF Image Totals (compressed)
      5604        150        328        616          0          0   ROM Totals

==============================================================================

    Total RO  Size (Code + RO Data)                 5932 (   5.79kB)
    Total RW  Size (RW Data + ZI Data)              8824 (   8.62kB)
    Total ROM Size (Code + RO Data + RW Data)       6548 (   6.39kB)

==============================================================================

